RTK bags (train-only map): change of the along error across each tight-curve zone (m)
              n     len   kmax  int_k2    med   mean    p25    p75
zone                                                              
5524-5613     1  88.991  0.063   0.155 -1.055 -1.055 -1.055 -1.055
63-106       10  43.000  0.047   0.061 -0.052 -0.144 -0.098  0.029
3617-3631    22  13.999  0.044   0.015 -0.169 -0.152 -0.182 -0.152
193-214       6  21.000  0.044   0.020 -0.061 -0.051 -0.102 -0.015
5761-5805    24  43.999  0.043   0.031  0.385  0.362  0.211  0.578
10930-10951   2  21.000  0.042   0.022  0.436  0.436  0.129  0.742
5359-5381    20  21.999  0.037   0.021 -0.269 -0.446 -0.355 -0.226
7507-7546    28  39.000  0.034   0.022 -0.059 -0.100 -0.177  0.002
7476-7496    26  20.000  0.030   0.011 -0.094 -0.092 -0.134 -0.012
5433-5448    10  15.000  0.029   0.009  0.025 -0.006 -0.057  0.074
11003-11010  10   7.000  0.027   0.004 -0.042 -0.050 -0.073 -0.029
3639-3667    25  28.000  0.025   0.011 -0.040 -0.042 -0.058 -0.022
5333-5355    12  22.000  0.022   0.007 -0.219 -0.213 -0.246 -0.124
3595-3611    21  16.000  0.021   0.006 -0.126 -0.105 -0.147 -0.094
  pooled fit d_along = -0.066 + -0.67 * int(k^2 ds)   (n=217)
CHECK bag (package map, judge reference):
           bag      zone    len  kmax  int_abs_k  int_k2      t0    dt  d_along
CHECK_88aea4d9    63-106 43.000 0.047      1.598   0.061   54.34 18.52    0.232
CHECK_88aea4d9   193-214 21.000 0.044      0.601   0.020  121.90  8.98    0.147
CHECK_88aea4d9 3595-3611 16.000 0.021      0.311   0.006  787.34 13.44   -0.578
CHECK_88aea4d9 3617-3631 14.000 0.044      0.437   0.015  795.74 10.86   -0.167
CHECK_88aea4d9 3639-3667 27.999 0.025      0.562   0.011  803.64 10.72   -0.102
CHECK_88aea4d9 5333-5355 22.000 0.022      0.399   0.007 1236.20 25.42   -0.862
