           bag  error       n  p3_rmse  along_rmse  cross_rmse  z_rmse  n_lm  n_lm_acc split
30639_d601d28f no RTK     NaN      NaN         NaN         NaN     NaN   NaN       NaN train
30639_c31df386 no RTK     NaN      NaN         NaN         NaN     NaN   NaN       NaN train
30639_dce52be4 no RTK     NaN      NaN         NaN         NaN     NaN   NaN       NaN train
30639_92226df0    NaN  9571.0    1.943       0.904       0.498   1.646  19.0      10.0 train
30639_253671cc    NaN  3029.0    2.925       1.149       1.398   2.298  18.0      13.0 train
30639_44226bde no RTK     NaN      NaN         NaN         NaN     NaN   NaN       NaN train
30639_d3c43d69 no RTK     NaN      NaN         NaN         NaN     NaN   NaN       NaN train
30618_b83d854d    NaN  9985.0    1.132       0.246       1.104   0.040  20.0      18.0 train
30618_b8044aa0    NaN 10128.0    0.453       0.439       0.090   0.063  17.0      14.0 train
30618_76e1f9c7    NaN 11388.0    1.349       0.482       1.255   0.116  20.0      17.0 train
30618_2dbce472    NaN  8560.0    0.907       0.316       0.708   0.471  23.0      18.0 train
30618_b15eafc3    NaN 11572.0    0.429       0.229       0.121   0.342  20.0      15.0 train
30618_68d1748a    NaN  8209.0    1.907       0.882       1.560   0.654  18.0      16.0 train
30618_095a115b    NaN 11741.0    2.612       1.610       2.039   0.272  22.0      20.0 train
30618_7b4d83f4    NaN  8995.0    0.677       0.485       0.105   0.461  15.0      12.0 train
30618_87afe526    NaN  4620.0    1.339       0.367       0.126   1.281  18.0      16.0 train
30618_0e41eac3    NaN 11263.0    1.414       0.586       1.279   0.143  26.0      25.0 train
30618_68847170    NaN 10277.0    0.318       0.298       0.051   0.100  18.0      13.0 train
30618_49fe4c54    NaN  8968.0    6.607       1.046       6.523   0.085  23.0      19.0 train
30618_ab5921a4    NaN  6861.0    1.078       0.469       0.542   0.805  20.0      13.0 train
30618_073f08d1    NaN 10082.0    0.276       0.260       0.091   0.023  17.0      13.0 train
30618_0652866c    NaN  9996.0    1.482       0.604       1.323   0.286  23.0      17.0 train
30618_9c09b081    NaN  7511.0    1.731       1.029       1.373   0.230  20.0      16.0 train
30618_e2dcf65f    NaN  9856.0    0.374       0.370       0.046   0.032  14.0      12.0 train
30618_28538acf    NaN  9427.0    5.938       5.713       0.456   1.553  24.0      18.0 train
30618_8158f0b0    NaN  9808.0    7.454       1.159       7.360   0.247  16.0      14.0 train
30618_21dd3af3    NaN  9554.0    4.414       1.644       3.830   1.453  20.0      12.0 train
30618_4d487b0d    NaN  7651.0    5.153       5.143       0.297   0.130  24.0      14.0 train
30618_3b36e5cd    NaN  9458.0    0.610       0.483       0.119   0.353  24.0      17.0 train
30618_748832b9    NaN  9857.0    0.506       0.501       0.065   0.036  20.0      14.0 train
30618_1cc230fa    NaN  9872.0    0.738       0.705       0.166   0.139  23.0      15.0 train
30618_40ffd323    NaN 10831.0    3.393       3.391       0.074   0.065  32.0      19.0 train
30618_2cb9ce37    NaN  5861.0    0.449       0.337       0.127   0.269  19.0      16.0 train
30618_af7496f0    NaN  1428.0    3.627       3.481       0.677   0.759  15.0       6.0 train
30618_437e855c    NaN  8802.0    0.569       0.543       0.127   0.115  19.0      16.0 train
30639_584b6e32    NaN  7544.0    0.667       0.365       0.246   0.502  23.0      20.0 train
30618_d4ba7005    NaN 11444.0    0.227       0.219       0.051   0.028  19.0      14.0 train
30618_dd8e6395    NaN 11261.0    0.482       0.355       0.087   0.315  22.0      16.0 train
30639_4285f2bc    NaN  5885.0    4.081       3.809       0.184   1.455  29.0      20.0 train
30618_e9a34502    NaN 11831.0    0.255       0.248       0.051   0.027  23.0      16.0 train
30639_9f0b519f    NaN  9676.0    0.787       0.384       0.203   0.656  17.0      11.0 train
30618_33bec73f    NaN 10770.0    0.302       0.260       0.083   0.129  14.0      14.0 train
30639_50956d6e    NaN  6156.0    1.271       1.237       0.144   0.249  23.0      18.0 train
30639_927002c2    NaN 10844.0    0.536       0.517       0.141   0.026  23.0      13.0 train
30618_2050d396    NaN 12809.0    1.160       1.158       0.068   0.033  22.0      12.0 train
30639_0be558e2    NaN  5951.0    0.402       0.362       0.136   0.109  32.0      20.0 train
30618_67b89902    NaN  8312.0    0.234       0.217       0.080   0.036  14.0      10.0 train
30618_3e9f4952    NaN 10305.0    0.433       0.372       0.172   0.140  25.0      20.0 train
30618_a869780d    NaN  7573.0    1.843       0.504       1.773   0.039  21.0      18.0 train
30618_0686195f no RTK     NaN      NaN         NaN         NaN     NaN   NaN       NaN train
30618_88548b02    NaN  9004.0    1.909       1.216       0.649   1.321  25.0      15.0 train
30618_27e994fc    NaN  8588.0    3.044       1.873       1.489   1.881  28.0      18.0 train
30639_3b3d9eb8 no RTK     NaN      NaN         NaN         NaN     NaN   NaN       NaN   val
30639_9c362687    NaN   646.0    6.698       2.181       6.102   1.696  22.0      13.0   val
30618_e3d94878    NaN 11294.0    7.288       1.444       7.143   0.125  12.0      11.0   val
30618_2f104a1d    NaN  9761.0    0.294       0.286       0.057   0.039  19.0      10.0   val
30618_b95ca60a    NaN  9071.0    0.505       0.351       0.139   0.335  17.0      12.0   val
30618_0f120b35    NaN 11615.0    0.499       0.464       0.127   0.134  17.0      15.0   val
30618_f19a4ac3    NaN  9829.0    4.639       1.161       3.616   2.664  18.0      11.0   val
30618_22c1c589    NaN 10580.0    0.329       0.277       0.066   0.165  15.0      12.0   val
30618_616ec56b    NaN  9075.0    4.155       4.129       0.344   0.312  21.0      13.0   val
30618_6cb3280a    NaN 10768.0    1.195       0.290       0.249   1.132  17.0      14.0   val
30618_2366c74a    NaN  6041.0    0.982       0.798       0.340   0.461  18.0      11.0   val
30639_d927f360    NaN 10179.0    0.832       0.819       0.143   0.035  21.0      13.0   val
30639_2b4a6347    NaN  2137.0    1.668       0.226       0.690   1.502  19.0      13.0   val
30618_01f73500    NaN  8926.0    0.472       0.437       0.079   0.160  20.0      12.0   val
30618_dd8d0741    NaN  7542.0    0.657       0.636       0.107   0.122  21.0      19.0   val
30618_a53d5f6f    NaN  9766.0    0.497       0.413       0.156   0.229  25.0      16.0   val
30618_defd0170 no RTK     NaN      NaN         NaN         NaN     NaN   NaN       NaN   val
