           bag  error       n  p3_rmse  along_rmse  cross_rmse  z_rmse  n_lm  n_lm_acc split
30639_d601d28f no RTK     NaN      NaN         NaN         NaN     NaN   NaN       NaN train
30639_c31df386 no RTK     NaN      NaN         NaN         NaN     NaN   NaN       NaN train
30639_dce52be4 no RTK     NaN      NaN         NaN         NaN     NaN   NaN       NaN train
30639_92226df0    NaN  9571.0    2.256       1.458       0.506   1.645  19.0      10.0 train
30639_253671cc    NaN  3029.0    5.938       5.283       1.441   2.298  18.0      12.0 train
30639_44226bde no RTK     NaN      NaN         NaN         NaN     NaN   NaN       NaN train
30639_d3c43d69 no RTK     NaN      NaN         NaN         NaN     NaN   NaN       NaN train
30618_b83d854d    NaN  9985.0    1.177       0.406       1.104   0.041  20.0      17.0 train
30618_b8044aa0    NaN 10128.0    0.372       0.356       0.090   0.063  17.0      14.0 train
30618_76e1f9c7    NaN 11388.0    1.369       0.536       1.255   0.116  20.0      16.0 train
30618_2dbce472    NaN  8560.0    1.077       0.660       0.708   0.471  23.0      17.0 train
30618_b15eafc3    NaN 11572.0    0.435       0.241       0.121   0.342  20.0      15.0 train
30618_68d1748a    NaN  8209.0    1.884       0.829       1.560   0.655  18.0      14.0 train
30618_095a115b    NaN 11741.0    2.638       1.651       2.039   0.272  20.0      17.0 train
30618_7b4d83f4    NaN  8995.0    0.683       0.494       0.105   0.460  15.0      12.0 train
30618_87afe526    NaN  4620.0    1.354       0.424       0.126   1.280  18.0      14.0 train
30618_0e41eac3    NaN 11263.0    1.429       0.622       1.279   0.143  21.0      19.0 train
30618_68847170    NaN 10277.0    0.328       0.309       0.050   0.099  18.0      13.0 train
30618_49fe4c54    NaN  8968.0    6.613       1.083       6.523   0.085  23.0      18.0 train
30618_ab5921a4    NaN  6861.0    1.376       0.975       0.542   0.806  20.0      12.0 train
30618_073f08d1    NaN 10082.0    0.254       0.236       0.092   0.023  17.0      11.0 train
30618_0652866c    NaN  9996.0    1.464       0.556       1.323   0.289  23.0      16.0 train
30618_9c09b081    NaN  7511.0    1.746       1.054       1.373   0.231  20.0      15.0 train
30618_e2dcf65f    NaN  9856.0    0.443       0.440       0.046   0.032  14.0      12.0 train
30618_28538acf    NaN  9427.0    5.899       5.673       0.450   1.553  23.0      16.0 train
30618_8158f0b0    NaN  9808.0    7.452       1.138       7.360   0.248  16.0      13.0 train
30618_21dd3af3    NaN  9554.0    4.411       1.636       3.829   1.454  20.0      14.0 train
30618_4d487b0d    NaN  7651.0    3.287       3.272       0.294   0.119  24.0      15.0 train
30618_3b36e5cd    NaN  9458.0    0.524       0.368       0.119   0.354  24.0      17.0 train
30618_748832b9    NaN  9857.0    0.524       0.518       0.065   0.037  20.0      14.0 train
30618_1cc230fa    NaN  9872.0    1.327       1.309       0.166   0.139  23.0      14.0 train
30618_40ffd323    NaN 10831.0    3.695       3.693       0.075   0.068  28.0      14.0 train
30618_2cb9ce37    NaN  5861.0    0.507       0.411       0.127   0.269  19.0      16.0 train
30618_af7496f0    NaN  1428.0    3.648       3.504       0.676   0.757  13.0       1.0 train
30618_437e855c    NaN  8802.0    0.543       0.516       0.126   0.115  19.0      12.0 train
30639_584b6e32    NaN  7544.0    0.682       0.389       0.247   0.502  23.0      17.0 train
30618_d4ba7005    NaN 11444.0    0.236       0.228       0.052   0.028  19.0      14.0 train
30618_dd8e6395    NaN 11261.0    0.427       0.275       0.087   0.315  22.0      16.0 train
30639_4285f2bc    NaN  5885.0    4.049       3.774       0.184   1.455  29.0      17.0 train
30618_e9a34502    NaN 11831.0    0.285       0.279       0.051   0.027  23.0      15.0 train
30639_9f0b519f    NaN  9676.0    0.775       0.361       0.201   0.656  17.0      13.0 train
30618_33bec73f    NaN 10770.0    0.341       0.305       0.082   0.129  14.0      14.0 train
30639_50956d6e    NaN  6156.0    1.263       1.229       0.144   0.249  22.0      15.0 train
30639_927002c2    NaN 10844.0    0.553       0.534       0.141   0.026  23.0      12.0 train
30618_2050d396    NaN 12809.0    0.792       0.790       0.051   0.025  22.0      12.0 train
30639_0be558e2    NaN  5951.0    0.632       0.606       0.140   0.108  33.0      18.0 train
30618_67b89902    NaN  8312.0    0.248       0.232       0.080   0.036  14.0      10.0 train
30618_3e9f4952    NaN 10305.0    0.491       0.438       0.171   0.140  25.0      19.0 train
30618_a869780d    NaN  7573.0    1.855       0.541       1.774   0.039  21.0      18.0 train
30618_0686195f no RTK     NaN      NaN         NaN         NaN     NaN   NaN       NaN train
30618_88548b02    NaN  9004.0    1.931       1.249       0.649   1.321  25.0      14.0 train
30618_27e994fc    NaN  8588.0    8.154       7.797       1.490   1.866  28.0      13.0 train
30639_3b3d9eb8 no RTK     NaN      NaN         NaN         NaN     NaN   NaN       NaN   val
30639_9c362687    NaN   646.0    6.710       2.217       6.102   1.697  22.0      13.0   val
30618_e3d94878    NaN 11294.0    7.292       1.464       7.142   0.125  12.0      11.0   val
30618_2f104a1d    NaN  9761.0    0.380       0.373       0.057   0.038  19.0      13.0   val
30618_b95ca60a    NaN  9071.0    0.520       0.372       0.139   0.335  17.0      12.0   val
30618_0f120b35    NaN 11615.0    0.504       0.469       0.127   0.134  17.0      16.0   val
30618_f19a4ac3    NaN  9829.0    4.645       1.186       3.616   2.664  18.0      14.0   val
30618_22c1c589    NaN 10580.0    0.351       0.303       0.066   0.165  15.0      12.0   val
30618_616ec56b    NaN  9075.0    4.168       4.142       0.344   0.312  21.0      15.0   val
30618_6cb3280a    NaN 10768.0    1.192       0.280       0.249   1.132  17.0      13.0   val
30618_2366c74a    NaN  6041.0    0.758       0.498       0.338   0.461  18.0      12.0   val
30639_d927f360    NaN 10179.0    0.892       0.879       0.148   0.035  21.0      13.0   val
30639_2b4a6347    NaN  2137.0    1.666       0.188       0.692   1.503  19.0      13.0   val
30618_01f73500    NaN  8926.0    0.462       0.426       0.079   0.160  19.0      12.0   val
30618_dd8d0741    NaN  7542.0    1.150       1.138       0.107   0.123  21.0      16.0   val
30618_a53d5f6f    NaN  9766.0    0.522       0.443       0.156   0.229  25.0      16.0   val
30618_defd0170 no RTK     NaN      NaN         NaN         NaN     NaN   NaN       NaN   val
