           bag  error       n  p3_rmse  along_rmse  cross_rmse  z_rmse  n_lm  n_lm_acc split
30639_d601d28f no RTK     NaN      NaN         NaN         NaN     NaN   NaN       NaN train
30639_c31df386 no RTK     NaN      NaN         NaN         NaN     NaN   NaN       NaN train
30639_dce52be4 no RTK     NaN      NaN         NaN         NaN     NaN   NaN       NaN train
30639_92226df0    NaN  9571.0    4.092       3.708       0.516   1.652  19.0      11.0 train
30639_253671cc    NaN  3029.0   25.660      25.519       1.491   2.231  18.0       7.0 train
30639_44226bde no RTK     NaN      NaN         NaN         NaN     NaN   NaN       NaN train
30639_d3c43d69 no RTK     NaN      NaN         NaN         NaN     NaN   NaN       NaN train
30618_b83d854d    NaN  9985.0    1.171       0.388       1.104   0.041  20.0      18.0 train
30618_b8044aa0    NaN 10128.0    0.489       0.476       0.090   0.063  17.0      14.0 train
30618_76e1f9c7    NaN 11388.0    1.374       0.548       1.255   0.116  20.0      17.0 train
30618_2dbce472    NaN  8560.0    1.066       0.648       0.705   0.469  23.0      18.0 train
30618_b15eafc3    NaN 11572.0    0.420       0.212       0.121   0.342  20.0      15.0 train
30618_68d1748a    NaN  8209.0    1.883       0.826       1.560   0.655  18.0      16.0 train
30618_095a115b    NaN 11741.0    2.640       1.654       2.039   0.272  22.0      20.0 train
30618_7b4d83f4    NaN  8995.0    0.689       0.501       0.105   0.461  15.0      12.0 train
30618_87afe526    NaN  4620.0    1.379       0.491       0.127   1.282  18.0      16.0 train
30618_0e41eac3    NaN 11263.0    1.445       0.657       1.279   0.144  26.0      25.0 train
30618_68847170    NaN 10277.0    0.332       0.313       0.050   0.100  18.0      13.0 train
30618_49fe4c54    NaN  8968.0    6.603       1.018       6.523   0.084  23.0      19.0 train
30618_ab5921a4    NaN  6861.0    1.283       0.838       0.543   0.806  20.0      13.0 train
30618_073f08d1    NaN 10082.0    0.291       0.276       0.090   0.023  18.0      14.0 train
30618_0652866c    NaN  9996.0    1.595       0.839       1.324   0.294  23.0      18.0 train
30618_9c09b081    NaN  7511.0    1.742       1.045       1.374   0.231  21.0      17.0 train
30618_e2dcf65f    NaN  9856.0    0.399       0.395       0.046   0.032  14.0      12.0 train
30618_28538acf    NaN  9427.0    5.896       5.670       0.449   1.553  23.0      17.0 train
30618_8158f0b0    NaN  9808.0    7.452       1.137       7.360   0.249  16.0      14.0 train
30618_21dd3af3    NaN  9554.0    4.413       1.643       3.829   1.453  20.0      12.0 train
30618_4d487b0d    NaN  7651.0    3.908       3.895       0.295   0.123  24.0      15.0 train
30618_3b36e5cd    NaN  9458.0    0.523       0.366       0.119   0.354  24.0      18.0 train
30618_748832b9    NaN  9857.0    0.511       0.505       0.065   0.036  20.0      14.0 train
30618_1cc230fa    NaN  9872.0    1.270       1.251       0.166   0.139  24.0      16.0 train
30618_40ffd323    NaN 10831.0    2.626       2.625       0.069   0.051  32.0      20.0 train
30618_2cb9ce37    NaN  5861.0    0.456       0.346       0.127   0.269  19.0      16.0 train
30618_af7496f0    NaN  1428.0    4.130       4.004       0.674   0.755  15.0       6.0 train
30618_437e855c    NaN  8802.0    0.584       0.559       0.127   0.115  19.0      16.0 train
30639_584b6e32    NaN  7544.0    0.769       0.529       0.245   0.502  23.0      20.0 train
30618_d4ba7005    NaN 11444.0    0.232       0.225       0.052   0.028  19.0      14.0 train
30618_dd8e6395    NaN 11261.0    0.418       0.260       0.087   0.316  22.0      16.0 train
30639_4285f2bc    NaN  5885.0    4.026       3.749       0.183   1.455  29.0      20.0 train
30618_e9a34502    NaN 11831.0    0.283       0.277       0.051   0.027  23.0      16.0 train
30639_9f0b519f    NaN  9676.0    0.768       0.344       0.202   0.656  17.0      11.0 train
30618_33bec73f    NaN 10770.0    0.311       0.271       0.083   0.129  14.0      14.0 train
30639_50956d6e    NaN  6156.0    1.370       1.339       0.143   0.250  22.0      17.0 train
30639_927002c2    NaN 10844.0    0.560       0.541       0.141   0.026  23.0      13.0 train
30618_2050d396    NaN 12809.0    0.679       0.676       0.051   0.023  22.0      13.0 train
30639_0be558e2    NaN  5951.0    0.584       0.557       0.140   0.108  32.0      21.0 train
30618_67b89902    NaN  8312.0    0.247       0.231       0.080   0.036  14.0      10.0 train
30618_3e9f4952    NaN 10305.0    0.518       0.469       0.170   0.140  26.0      20.0 train
30618_a869780d    NaN  7573.0    1.836       0.475       1.773   0.039  21.0      19.0 train
30618_0686195f no RTK     NaN      NaN         NaN         NaN     NaN   NaN       NaN train
30618_88548b02    NaN  9004.0    1.872       1.158       0.649   1.320  25.0      15.0 train
30618_27e994fc    NaN  8588.0    4.415       3.717       1.490   1.859  29.0      20.0 train
30639_3b3d9eb8 no RTK     NaN      NaN         NaN         NaN     NaN   NaN       NaN   val
30639_9c362687    NaN   646.0    6.964       2.891       6.103   1.699  22.0      13.0   val
30618_e3d94878    NaN 11294.0    7.294       1.477       7.142   0.125  12.0      11.0   val
30618_2f104a1d    NaN  9761.0    0.374       0.367       0.058   0.040  19.0      10.0   val
30618_b95ca60a    NaN  9071.0    0.539       0.398       0.139   0.335  17.0      12.0   val
30618_0f120b35    NaN 11615.0    0.492       0.456       0.127   0.134  17.0      15.0   val
30618_f19a4ac3    NaN  9829.0    4.653       1.212       3.616   2.666  18.0      11.0   val
30618_22c1c589    NaN 10580.0    0.357       0.309       0.066   0.165  16.0      13.0   val
30618_616ec56b    NaN  9075.0    4.154       4.128       0.344   0.312  21.0      13.0   val
30618_6cb3280a    NaN 10768.0    1.200       0.309       0.249   1.132  17.0      14.0   val
30618_2366c74a    NaN  6041.0    0.848       0.626       0.340   0.461  18.0      11.0   val
30639_d927f360    NaN 10179.0    0.826       0.812       0.146   0.034  21.0      13.0   val
30639_2b4a6347    NaN  2137.0    1.667       0.215       0.691   1.502  19.0      13.0   val
30618_01f73500    NaN  8926.0    0.575       0.547       0.080   0.160  20.0      12.0   val
30618_dd8d0741    NaN  7542.0    0.858       0.842       0.108   0.123  21.0      19.0   val
30618_a53d5f6f    NaN  9766.0    0.552       0.477       0.156   0.229  25.0      16.0   val
30618_defd0170 no RTK     NaN      NaN         NaN         NaN     NaN   NaN       NaN   val
