group              30618  30639a  30639b
g_trac     median  0.965   1.094   1.055
           std     0.056   0.093   0.044
g_brake    median  0.987   1.115   1.122
           std     0.043   0.102   0.062
g_coast    median  1.129   1.378   1.310
           std     0.426   0.555   0.465
g_grade    median  1.003   0.979   1.001
           std     0.111   0.069   0.056
bias       median  0.002   0.010   0.003
           std     0.015   0.019   0.013
rmse_fleet median  0.084   0.116   0.098
           std     0.032   0.028   0.028
rmse_bag   median  0.078   0.076   0.081
           std     0.031   0.031   0.033
corr(g_trac, g_brake) per bag: 0.675
group gains {'30618': {'g_trac': 0.9732772854532482, 'g_brake': 0.9925449143182375, 'g_coast': 1.1511333423761085, 'n_bags': 39}, '30639a': {'g_trac': 1.0804461633070717, 'g_brake': 1.0721240573819208, 'g_coast': 1.2424148477408945, 'n_bags': 7}, '30639b': {'g_trac': 1.05552822083234, 'g_brake': 1.0970282015296515, 'g_coast': 1.373238189761622, 'n_bags': 6}}
                model     H     n       rmse       mae      bias        p95      d_rmse       d_mae     d_bias
0     baseline_hold_a   1.0  6929   0.244533  0.160842  0.015670   0.505921    0.107505    0.070662   0.006473
1     baseline_hold_a   3.0  7145   0.983883  0.689966  0.075575   2.072791    1.254375    0.860239   0.088780
2     baseline_hold_a   5.0  7326   1.845477  1.337814  0.179795   3.842942    3.921388    2.771855   0.331947
3     baseline_hold_a  10.0  7724   4.153389  3.107455  0.595248   8.343051   17.924813   13.132568   2.093103
4     baseline_hold_a  30.0  8635  12.303442  8.771300  3.385069  28.117878  173.791139  126.860908  39.010382
5     baseline_hold_v   1.0  6929   0.538525  0.430411 -0.003896   0.942294    0.270086    0.215888  -0.002336
6     baseline_hold_v   3.0  7145   1.485707  1.164406 -0.013195   2.697249    2.272664    1.780467  -0.020674
7     baseline_hold_v   5.0  7326   2.289246  1.779907 -0.021236   4.326848    5.910467    4.579624  -0.057896
8     baseline_hold_v  10.0  7724   3.814415  2.934958 -0.042661   7.583797   20.300294   15.513362  -0.247350
9     baseline_hold_v  30.0  8635   5.995378  4.840157 -0.074910  11.440225  109.372841   85.674675  -1.726678
10                lut   1.0  6929   0.097395  0.059374  0.002522   0.165392    0.048243    0.031127   0.000939
11                lut   3.0  7145   0.231986  0.144084  0.017575   0.413022    0.365458    0.229962   0.025862
12                lut   5.0  7326   0.351425  0.221768  0.046435   0.697000    0.931611    0.590328   0.113690
13                lut  10.0  7724   0.599191  0.385076  0.136199   1.373725    3.383569    2.137640   0.733058
14                lut  30.0  8635   1.122892  0.739377  0.438672   2.388745   21.447600   13.911944   8.293803
15        lut+bias20s   1.0  6929   0.095502  0.057591  0.001116   0.161462    0.047063    0.029972   0.000210
16        lut+bias20s   3.0  7145   0.228823  0.142193  0.012495   0.415416    0.358225    0.224671   0.018455
17        lut+bias20s   5.0  7326   0.351464  0.225083  0.038617   0.703141    0.918324    0.583724   0.092408
18        lut+bias20s  10.0  7724   0.620642  0.417216  0.128033   1.352961    3.403662    2.214525   0.672928
19        lut+bias20s  30.0  8635   1.201882  0.852124  0.461655   2.442797   22.160266   15.385702   8.443047
20         lut+bias5s   1.0  6929   0.092855  0.054169  0.000498   0.159563    0.045433    0.028117  -0.000112
21         lut+bias5s   3.0  7145   0.224586  0.135708  0.010459   0.405746    0.349557    0.211514   0.015522
22         lut+bias5s   5.0  7326   0.350955  0.220359  0.034139   0.696099    0.905768    0.559468   0.082905
23         lut+bias5s  10.0  7724   0.639875  0.429992  0.116453   1.398790    3.430938    2.204537   0.615375
24         lut+bias5s  30.0  8635   1.313700  0.944931  0.450322   2.679684   23.532500   16.679274   8.067068
25        lut+bias60s   1.0  6929   0.096526  0.058756  0.002403   0.161560    0.047690    0.030690   0.000883
26        lut+bias60s   3.0  7145   0.230066  0.144125  0.016901   0.409388    0.361448    0.229061   0.024850
27        lut+bias60s   5.0  7326   0.350427  0.224806  0.045881   0.675988    0.922760    0.590694   0.111015
28        lut+bias60s  10.0  7724   0.607424  0.404415  0.140753   1.349023    3.384076    2.195383   0.745405
29        lut+bias60s  30.0  8635   1.151355  0.801504  0.478230   2.361287   21.703387   14.824602   8.834381
30          lut_group   1.0  6929   0.093849  0.054342 -0.002936   0.157889    0.046361    0.028631  -0.001849
31          lut_group   3.0  7145   0.224690  0.131873  0.003470   0.402772    0.353778    0.210486   0.004046
32          lut_group   5.0  7326   0.343085  0.205954  0.025777   0.705163    0.912801    0.546813   0.060165
33          lut_group  10.0  7724   0.585911  0.365558  0.101927   1.376560    3.348785    2.031585   0.557746
34          lut_group  30.0  8635   1.066041  0.697509  0.359090   2.235144   20.779252   13.358428   7.032223
35  lut_group+bias20s   1.0  6929   0.092198  0.052864  0.001110   0.154025    0.045312    0.027699   0.000190
36  lut_group+bias20s   3.0  7145   0.222077  0.129729  0.014400   0.399321    0.347852    0.205640   0.020881
37  lut_group+bias20s   5.0  7326   0.343980  0.207760  0.044089   0.711394    0.903627    0.540125   0.105455
38  lut_group+bias20s  10.0  7724   0.606576  0.391591  0.141212   1.382574    3.386782    2.095823   0.750150
39  lut_group+bias20s  30.0  8635   1.156276  0.806528  0.471125   2.340557   21.688838   14.779841   8.857945
40   lut_group+bias5s   1.0  6929   0.090230  0.050998  0.000413   0.152478    0.044074    0.026647  -0.000186
41   lut_group+bias5s   3.0  7145   0.218865  0.126426  0.011770   0.383509    0.341429    0.198557   0.017110
42   lut_group+bias5s   5.0  7326   0.342661  0.205184  0.038058   0.691786    0.892129    0.526141   0.092285
43   lut_group+bias5s  10.0  7724   0.616642  0.398531  0.125473   1.396512    3.378702    2.076612   0.669723
44   lut_group+bias5s  30.0  8635   1.227458  0.868818  0.443028   2.488979   22.454026   15.537242   8.192683
45  lut_group+bias60s   1.0  6929   0.093118  0.053777  0.002275   0.154716    0.045884    0.028238   0.000779
46  lut_group+bias60s   3.0  7145   0.224194  0.132075  0.018400   0.393682    0.352085    0.210084   0.026811
47  lut_group+bias60s   5.0  7326   0.345090  0.209524  0.050468   0.697423    0.913311    0.549643   0.122317
48  lut_group+bias60s  10.0  7724   0.601341  0.385201  0.152832   1.390837    3.399342    2.102939   0.816481
49  lut_group+bias60s  30.0  8635   1.125473  0.772963  0.492171   2.317023   21.588720   14.472544   9.272381
                 model     H   group     n      rmse       mae      bias       p95     d_rmse      d_mae    d_bias
6      baseline_hold_a   5.0   30618  5571  1.805065  1.300385  0.189111  3.787849   3.832805   2.690418  0.354872
7      baseline_hold_a   5.0  30639a   884  1.899200  1.404861  0.157415  3.945681   4.062394   2.947868  0.270908
8      baseline_hold_a   5.0  30639b   871  2.035970  1.509168  0.142919  4.056647   4.316033   3.114094  0.247266
9      baseline_hold_a  10.0   30618  5906  4.088870  3.045346  0.609484  8.307814  17.558406  12.774667  2.179688
10     baseline_hold_a  10.0  30639a   927  4.195694  3.175087  0.557812  8.214876  18.344782  13.704854  1.877997
11     baseline_hold_a  10.0  30639b   891  4.517535  3.448777  0.539838  8.655518  19.789659  14.909511  1.742972
21     baseline_hold_v   5.0   30618  5571  2.307991  1.792545 -0.028027  4.333638   5.949333   4.601495 -0.075511
22     baseline_hold_v   5.0  30639a   884  2.196975  1.694779 -0.003023  4.344374   5.691695   4.382624 -0.017204
23     baseline_hold_v   5.0  30639b   871  2.260438  1.785473  0.003711  4.253807   5.878900   4.639669  0.013467
24     baseline_hold_v  10.0   30618  5906  3.860065  2.969405 -0.052964  7.645595  20.491244  15.617278 -0.305980
25     baseline_hold_v  10.0  30639a   927  3.624894  2.781242 -0.027131  7.228340  19.352689  14.764736 -0.111017
26     baseline_hold_v  10.0  30639b   891  3.700595  2.866549  0.009476  7.143173  19.989118  15.603430 -0.000563
36                 lut   5.0   30618  5571  0.350851  0.208843  0.054001  0.690769   0.926582   0.549236  0.131796
37                 lut   5.0  30639a   884  0.359187  0.272965 -0.000956  0.695295   0.952701   0.738140 -0.005757
38                 lut   5.0  30639b   871  0.347096  0.252477  0.046140  0.718218   0.941980   0.703144  0.119112
39                 lut  10.0   30618  5906  0.606400  0.374646  0.155862  1.417182   3.406478   2.054978  0.827524
40                 lut  10.0  30639a   927  0.562577  0.422114  0.022773  1.161145   3.252436   2.413966  0.179337
41                 lut  10.0  30639b   891  0.587943  0.415680  0.123874  1.312798   3.364937   2.398075  0.682984
51         lut+bias20s   5.0   30618  5571  0.354311  0.214882  0.035509  0.704242   0.924145   0.552566  0.084042
52         lut+bias20s   5.0  30639a   884  0.348890  0.266612  0.048016  0.688447   0.904765   0.696905  0.114043
53         lut+bias20s   5.0  30639b   871  0.335422  0.248180  0.048956  0.700409   0.894320   0.668143  0.123962
54         lut+bias20s  10.0   30618  5906  0.631138  0.410182  0.129033  1.397796   3.463197   2.162007  0.674025
55         lut+bias20s  10.0  30639a   927  0.577256  0.440989  0.117723  1.140590   3.179896   2.399104  0.651252
56         lut+bias20s  10.0  30639b   891  0.593448  0.439109  0.132132  1.250482   3.226107   2.370607  0.688210
66          lut+bias5s   5.0   30618  5571  0.353135  0.210948  0.030716  0.689379   0.911065   0.532708  0.074856
67          lut+bias5s   5.0  30639a   884  0.349413  0.257832  0.043038  0.723045   0.889684   0.657455  0.100465
68          lut+bias5s   5.0  30639b   871  0.338301  0.242514  0.046999  0.694420   0.887790   0.631178  0.116564
69          lut+bias5s  10.0   30618  5906  0.645099  0.419508  0.113835  1.423470   3.471061   2.150223  0.605796
70          lut+bias5s  10.0  30639a   927  0.612343  0.465252  0.116096  1.260333   3.230094   2.380569  0.598740
71          lut+bias5s  10.0  30639b   891  0.633103  0.462807  0.134179  1.335140   3.365651   2.381418  0.696174
81         lut+bias60s   5.0   30618  5571  0.351492  0.213695  0.045043  0.673676   0.923418   0.555357  0.108104
82         lut+bias60s   5.0  30639a   884  0.353672  0.272151  0.045686  0.650814   0.927147   0.724108  0.110179
83         lut+bias60s   5.0  30639b   871  0.340139  0.247823  0.051432  0.727758   0.914049   0.681306  0.130482
84         lut+bias60s  10.0   30618  5906  0.615844  0.395634  0.145640  1.387654   3.424587   2.130575  0.764017
85         lut+bias60s  10.0  30639a   927  0.570845  0.441467  0.112239  1.095717   3.211299   2.442811  0.638066
86         lut+bias60s  10.0  30639b   891  0.587823  0.424070  0.138024  1.313547   3.287739   2.367543  0.733713
96           lut_group   5.0   30618  5571  0.350124  0.204432  0.030404  0.705135   0.929931   0.539437  0.072703
97           lut_group   5.0  30639a   884  0.312131  0.207125  0.012338  0.682731   0.824927   0.561089  0.022791
98           lut_group   5.0  30639b   871  0.327238  0.214506  0.009827  0.804392   0.886728   0.579499  0.017906
99           lut_group  10.0   30618  5906  0.599866  0.367431  0.113342  1.398540   3.416481   2.030537  0.619461
100          lut_group  10.0  30639a   927  0.506376  0.339680  0.058125  1.258666   2.945554   1.928736  0.334158
101          lut_group  10.0  30639b   891  0.569201  0.380065  0.071835  1.389947   3.289267   2.145535  0.381288
111  lut_group+bias20s   5.0   30618  5571  0.354008  0.207993  0.041519  0.715809   0.928708   0.537715  0.100292
112  lut_group+bias20s   5.0  30639a   884  0.293782  0.198444  0.045784  0.582319   0.769020   0.523081  0.104316
113  lut_group+bias20s   5.0  30639b   871  0.325648  0.215722  0.058804  0.778632   0.866663   0.572836  0.139634
114  lut_group+bias20s  10.0   30618  5906  0.625856  0.398378  0.139641  1.407570   3.481824   2.117972  0.743507
115  lut_group+bias20s  10.0  30639a   927  0.493890  0.343417  0.128198  1.151992   2.818300   1.879000  0.683916
116  lut_group+bias20s  10.0  30639b   891  0.582618  0.396722  0.165164  1.397049   3.288338   2.174591  0.863094
126   lut_group+bias5s   5.0   30618  5571  0.352678  0.204683  0.036053  0.702582   0.916513   0.521360  0.089239
127   lut_group+bias5s   5.0  30639a   884  0.293744  0.200739  0.039241  0.618863   0.765393   0.523270  0.088174
128   lut_group+bias5s   5.0  30639b   871  0.323208  0.212901  0.049678  0.700065   0.852659   0.559635  0.115940
129   lut_group+bias5s  10.0   30618  5906  0.636837  0.404624  0.123323  1.427132   3.476360   2.097528  0.664716
130   lut_group+bias5s  10.0  30639a   927  0.498475  0.350402  0.117087  1.152610   2.803314   1.882043  0.611100
131   lut_group+bias5s  10.0  30639b   891  0.591224  0.408218  0.148444  1.414598   3.267867   2.140406  0.763902
141  lut_group+bias60s   5.0   30618  5571  0.353255  0.208615  0.049058  0.697384   0.933497   0.544890  0.119726
142  lut_group+bias60s   5.0  30639a   884  0.304599  0.207843  0.047195  0.630536   0.800755   0.550763  0.109557
143  lut_group+bias60s   5.0  30639b   871  0.330633  0.217050  0.062811  0.803968   0.889667   0.578911  0.151839
144  lut_group+bias60s  10.0   30618  5906  0.616545  0.389054  0.153842  1.407878   3.475732   2.112178  0.822460
145  lut_group+bias60s  10.0  30639a   927  0.509527  0.354042  0.127421  1.192150   2.913857   1.966459  0.692326
146  lut_group+bias60s  10.0  30639b   891  0.587353  0.392080  0.172576  1.440594   3.356058   2.183699  0.906018
