H                     1.0     3.0     5.0     10.0    30.0
model                                                     
lut_oe_s1           0.0996  0.2127  0.2881  0.4080  0.5935
lut_oe_s1+gain120s  0.0931  0.1945  0.2609  0.3666  0.5374
lut_oe_s1+gain300s  0.0934  0.1948  0.2605  0.3656  0.5338
lut_oe_s1+gain900s  0.0940  0.1958  0.2614  0.3658  0.5337
H                     1.0     3.0     5.0     10.0    30.0
model                                                     
lut_oe_s1           0.0033  0.0079  0.0119  0.0165  0.0243
lut_oe_s1+gain120s  0.0022  0.0052  0.0084  0.0150  0.0332
lut_oe_s1+gain300s  0.0022  0.0051  0.0083  0.0143  0.0329
lut_oe_s1+gain900s  0.0023  0.0054  0.0086  0.0140  0.0305
H                            5.0     10.0    30.0
group  model                                     
30618  lut_oe_s1           0.2806  0.3893  0.5703
       lut_oe_s1+gain120s  0.2704  0.3756  0.5500
       lut_oe_s1+gain300s  0.2701  0.3739  0.5464
       lut_oe_s1+gain900s  0.2694  0.3710  0.5424
30639a lut_oe_s1           0.3177  0.4702  0.6416
       lut_oe_s1+gain120s  0.2262  0.3270  0.4364
       lut_oe_s1+gain300s  0.2278  0.3348  0.4371
       lut_oe_s1+gain900s  0.2363  0.3496  0.4593
30639b lut_oe_s1           0.3037  0.4563  0.6948
       lut_oe_s1+gain120s  0.2295  0.3446  0.5437
       lut_oe_s1+gain300s  0.2266  0.3392  0.5357
       lut_oe_s1+gain900s  0.2327  0.3472  0.5448
