H                  1.0     3.0     5.0     10.0    30.0
model                                                  
lut_oe           0.1011  0.2143  0.2887  0.4032  0.5963
lut_oe+gain120s  0.0956  0.1989  0.2653  0.3682  0.5436
lut_oe+gain300s  0.0958  0.1988  0.2643  0.3662  0.5401
lut_oe+gain900s  0.0962  0.1994  0.2646  0.3648  0.5378
H                  1.0     3.0     5.0     10.0    30.0
model                                                  
lut_oe           0.0030  0.0078  0.0116  0.0169  0.0232
lut_oe+gain120s  0.0025  0.0070  0.0109  0.0193  0.0365
lut_oe+gain300s  0.0026  0.0072  0.0112  0.0194  0.0380
lut_oe+gain900s  0.0027  0.0073  0.0112  0.0186  0.0354
H                         5.0     10.0    30.0
group  model                                  
30618  lut_oe           0.2821  0.3864  0.5800
       lut_oe+gain120s  0.2736  0.3753  0.5572
       lut_oe+gain300s  0.2731  0.3734  0.5555
       lut_oe+gain900s  0.2718  0.3691  0.5491
30639a lut_oe           0.3159  0.4611  0.6374
       lut_oe+gain120s  0.2364  0.3377  0.4432
       lut_oe+gain300s  0.2369  0.3427  0.4440
       lut_oe+gain900s  0.2440  0.3546  0.4657
30639b lut_oe           0.3011  0.4452  0.6623
       lut_oe+gain120s  0.2375  0.3505  0.5415
       lut_oe+gain300s  0.2317  0.3405  0.5210
       lut_oe+gain900s  0.2367  0.3467  0.5276
