design (165951, 30) (46984, 30) 29 s
[100]	valid_0's l2: 0.00760249
[200]	valid_0's l2: 0.00712605
[300]	valid_0's l2: 0.00687317
[400]	valid_0's l2: 0.00668731
[500]	valid_0's l2: 0.00657167
[600]	valid_0's l2: 0.00646369
trees 597 es rmse 0.08039295987026965
u_l8         57774.434046
u_l6         55716.365212
u_ema0.25    54484.817651
u_l10        27377.056367
dn_ema0.5    10003.065534
gr            9757.187020
u_l4          7036.202160
u_l14         5209.354538
umin20        4896.647917
umax20        3848.411368
inv_v         2358.699161
up_ema0.5     2243.308027
dtype: float64
val one-step rmse 0.07248440617443101
        model     H     n      rmse       mae      bias       p95     d_rmse      d_mae     d_bias  onestep_rmse
0  gbm_direct   1.0  6929  0.078076  0.041850  0.001653  0.121113   0.038678   0.022675   0.000863      0.072484
1  gbm_direct   3.0  7145  0.205168  0.108929  0.021328  0.346789   0.337557   0.178692   0.036789      0.072484
2  gbm_direct   5.0  7326  0.334434  0.184424  0.066243  0.703058   0.936045   0.501763   0.177407      0.072484
3  gbm_direct  10.0  7724  0.694106  0.401672  0.242778  1.707027   4.035044   2.241407   1.325989      0.072484
4  gbm_direct  30.0  8635  1.623560  1.131130  0.955410  3.346042  31.350452  20.816888  17.609817      0.072484
rollout 1100 s
