windows 11798 3237 5 s
ES rmse before: 0.4036  @1s 0.101 @5s 0.396 @10s 0.603
C:\MosTransHack\analysis\traction_id\oe_torch.py:205: UserWarning: Converting a tensor with requires_grad=True to a scalar may lead to unexpected behavior.
Consider using tensor.detach() first. (Triggered internally at C:\actions-runner\_work\pytorch\pytorch\torch\csrc\autograd\generated\python_variable_methods.cpp:821.)
  ep, r, rh[9], rh[49], rh[99], float(torch.exp(model.log_tau)), np.round(model.kg.detach().numpy(), 2),
ep 0  ES rmse 0.3909  @1s 0.100 @5s 0.385 @10s 0.579  tau 0.318 kg [8.24 8.7  7.7 ]  (5 s)
ep 1  ES rmse 0.3795  @1s 0.100 @5s 0.375 @10s 0.559  tau 0.337 kg [8.23 8.64 7.65]  (4 s)
ep 2  ES rmse 0.3684  @1s 0.099 @5s 0.365 @10s 0.540  tau 0.355 kg [8.21 8.59 7.6 ]  (4 s)
ep 3  ES rmse 0.3594  @1s 0.099 @5s 0.357 @10s 0.526  tau 0.373 kg [8.19 8.53 7.55]  (4 s)
ep 4  ES rmse 0.3514  @1s 0.098 @5s 0.349 @10s 0.513  tau 0.390 kg [8.18 8.48 7.51]  (4 s)
ep 5  ES rmse 0.3448  @1s 0.098 @5s 0.343 @10s 0.503  tau 0.405 kg [8.17 8.43 7.48]  (3 s)
ep 6  ES rmse 0.3387  @1s 0.097 @5s 0.337 @10s 0.494  tau 0.419 kg [8.17 8.38 7.44]  (4 s)
ep 7  ES rmse 0.3333  @1s 0.097 @5s 0.331 @10s 0.486  tau 0.430 kg [8.17 8.34 7.41]  (3 s)
ep 8  ES rmse 0.3285  @1s 0.096 @5s 0.326 @10s 0.478  tau 0.439 kg [8.16 8.29 7.39]  (3 s)
ep 9  ES rmse 0.3246  @1s 0.096 @5s 0.322 @10s 0.473  tau 0.446 kg [8.17 8.25 7.38]  (4 s)
ep 10  ES rmse 0.3208  @1s 0.096 @5s 0.319 @10s 0.467  tau 0.451 kg [8.17 8.22 7.37]  (4 s)
ep 11  ES rmse 0.3174  @1s 0.095 @5s 0.315 @10s 0.462  tau 0.453 kg [8.17 8.18 7.35]  (4 s)
ep 12  ES rmse 0.3155  @1s 0.095 @5s 0.313 @10s 0.460  tau 0.455 kg [8.18 8.15 7.35]  (5 s)
ep 13  ES rmse 0.3138  @1s 0.095 @5s 0.311 @10s 0.457  tau 0.455 kg [8.17 8.13 7.34]  (5 s)
ep 14  ES rmse 0.3117  @1s 0.094 @5s 0.309 @10s 0.455  tau 0.455 kg [8.18 8.1  7.34]  (6 s)
ep 15  ES rmse 0.3102  @1s 0.094 @5s 0.307 @10s 0.453  tau 0.454 kg [8.2  8.08 7.34]  (6 s)
ep 16  ES rmse 0.3094  @1s 0.094 @5s 0.306 @10s 0.452  tau 0.454 kg [8.2  8.06 7.35]  (5 s)
ep 17  ES rmse 0.3087  @1s 0.093 @5s 0.306 @10s 0.451  tau 0.454 kg [8.2  8.05 7.35]  (4 s)
ep 18  ES rmse 0.3079  @1s 0.093 @5s 0.305 @10s 0.450  tau 0.454 kg [8.21 8.03 7.36]  (4 s)
ep 19  ES rmse 0.3074  @1s 0.093 @5s 0.304 @10s 0.450  tau 0.453 kg [8.21 8.02 7.36]  (5 s)
ep 20  ES rmse 0.3073  @1s 0.093 @5s 0.304 @10s 0.450  tau 0.453 kg [8.21 8.01 7.36]  (6 s)
ep 21  ES rmse 0.3070  @1s 0.093 @5s 0.304 @10s 0.449  tau 0.453 kg [8.21 8.   7.36]  (7 s)
ep 22  ES rmse 0.3074  @1s 0.093 @5s 0.304 @10s 0.450  tau 0.453 kg [8.21 8.   7.36]  (8 s)
ep 23  ES rmse 0.3066  @1s 0.092 @5s 0.303 @10s 0.449  tau 0.452 kg [8.21 7.99 7.36]  (7 s)
ep 24  ES rmse 0.3068  @1s 0.092 @5s 0.304 @10s 0.449  tau 0.452 kg [8.22 7.99 7.36]  (5 s)
ep 25  ES rmse 0.3065  @1s 0.092 @5s 0.303 @10s 0.449  tau 0.452 kg [8.22 7.99 7.36]  (6 s)
ep 26  ES rmse 0.3066  @1s 0.092 @5s 0.303 @10s 0.449  tau 0.452 kg [8.21 7.98 7.37]  (7 s)
ep 27  ES rmse 0.3065  @1s 0.092 @5s 0.303 @10s 0.449  tau 0.452 kg [8.22 7.98 7.36]  (6 s)
ep 28  ES rmse 0.3068  @1s 0.092 @5s 0.303 @10s 0.450  tau 0.453 kg [8.22 7.98 7.37]  (6 s)
ep 29  ES rmse 0.3061  @1s 0.092 @5s 0.303 @10s 0.448  tau 0.452 kg [8.22 7.98 7.36]  (6 s)
ep 30  ES rmse 0.3058  @1s 0.092 @5s 0.302 @10s 0.448  tau 0.452 kg [8.22 7.98 7.36]  (6 s)
ep 31  ES rmse 0.3068  @1s 0.092 @5s 0.303 @10s 0.449  tau 0.453 kg [8.23 7.98 7.35]  (6 s)
ep 32  ES rmse 0.3061  @1s 0.092 @5s 0.303 @10s 0.448  tau 0.453 kg [8.23 7.97 7.35]  (6 s)
ep 33  ES rmse 0.3066  @1s 0.092 @5s 0.303 @10s 0.449  tau 0.454 kg [8.22 7.97 7.36]  (6 s)
ep 34  ES rmse 0.3060  @1s 0.092 @5s 0.303 @10s 0.448  tau 0.451 kg [8.23 7.97 7.35]  (5 s)
saved; best ES rmse 0.3058043420314789
       model     H     n      rmse       mae      bias       p95     d_rmse     d_mae    d_bias
0  oe_lut_s1   1.0  6929  0.099217  0.061239  0.002611  0.171992   0.049527  0.032363  0.001021
1  oe_lut_s1   3.0  7145  0.211263  0.127071  0.006568  0.359386   0.340595  0.209428  0.011667
2  oe_lut_s1   5.0  7326  0.286128  0.172678  0.010012  0.509534   0.770060  0.473235  0.029023
3  oe_lut_s1  10.0  7724  0.406246  0.244611  0.013644  0.773691   2.249657  1.375919  0.085403
4  oe_lut_s1  30.0  8635  0.593892  0.333524  0.022536  1.170043  10.252413  6.016204  0.401652
