windows 11798 3237 15 s
ES rmse before: 0.4036  @1s 0.101 @5s 0.396 @10s 0.603
C:\MosTransHack\analysis\traction_id\oe_torch.py:192: UserWarning: Converting a tensor with requires_grad=True to a scalar may lead to unexpected behavior.
Consider using tensor.detach() first. (Triggered internally at C:\actions-runner\_work\pytorch\pytorch\torch\csrc\autograd\generated\python_variable_methods.cpp:821.)
  ep, r, rh[9], rh[49], rh[99], float(torch.exp(model.log_tau)), np.round(model.kg.detach().numpy(), 2),
ep 0  ES rmse 0.3907  @1s 0.100 @5s 0.385 @10s 0.579  tau 0.318 kg [8.24 8.7  7.7 ]  (8 s)
ep 1  ES rmse 0.3791  @1s 0.099 @5s 0.375 @10s 0.559  tau 0.337 kg [8.23 8.64 7.65]  (10 s)
ep 2  ES rmse 0.3677  @1s 0.098 @5s 0.365 @10s 0.539  tau 0.355 kg [8.21 8.59 7.6 ]  (10 s)
ep 3  ES rmse 0.3587  @1s 0.098 @5s 0.357 @10s 0.524  tau 0.373 kg [8.19 8.53 7.55]  (9 s)
ep 4  ES rmse 0.3504  @1s 0.097 @5s 0.349 @10s 0.511  tau 0.389 kg [8.18 8.48 7.51]  (11 s)
ep 5  ES rmse 0.3435  @1s 0.097 @5s 0.342 @10s 0.500  tau 0.405 kg [8.17 8.43 7.48]  (11 s)
ep 6  ES rmse 0.3370  @1s 0.096 @5s 0.336 @10s 0.490  tau 0.419 kg [8.16 8.38 7.44]  (11 s)
ep 7  ES rmse 0.3312  @1s 0.096 @5s 0.330 @10s 0.481  tau 0.431 kg [8.15 8.34 7.41]  (10 s)
ep 8  ES rmse 0.3262  @1s 0.095 @5s 0.325 @10s 0.473  tau 0.440 kg [8.14 8.29 7.38]  (11 s)
ep 9  ES rmse 0.3221  @1s 0.095 @5s 0.321 @10s 0.467  tau 0.447 kg [8.15 8.25 7.37]  (9 s)
ep 10  ES rmse 0.3184  @1s 0.095 @5s 0.318 @10s 0.461  tau 0.452 kg [8.14 8.22 7.36]  (9 s)
ep 11  ES rmse 0.3152  @1s 0.095 @5s 0.315 @10s 0.456  tau 0.456 kg [8.14 8.19 7.34]  (8 s)
ep 12  ES rmse 0.3133  @1s 0.094 @5s 0.313 @10s 0.453  tau 0.458 kg [8.15 8.16 7.33]  (9 s)
ep 13  ES rmse 0.3117  @1s 0.094 @5s 0.311 @10s 0.451  tau 0.459 kg [8.14 8.13 7.33]  (9 s)
ep 14  ES rmse 0.3098  @1s 0.094 @5s 0.309 @10s 0.449  tau 0.461 kg [8.13 8.11 7.33]  (9 s)
ep 15  ES rmse 0.3085  @1s 0.094 @5s 0.308 @10s 0.447  tau 0.461 kg [8.15 8.09 7.32]  (7 s)
ep 16  ES rmse 0.3077  @1s 0.094 @5s 0.307 @10s 0.446  tau 0.461 kg [8.14 8.07 7.33]  (8 s)
ep 17  ES rmse 0.3071  @1s 0.094 @5s 0.306 @10s 0.445  tau 0.462 kg [8.14 8.05 7.32]  (6 s)
ep 18  ES rmse 0.3063  @1s 0.093 @5s 0.305 @10s 0.444  tau 0.462 kg [8.14 8.04 7.33]  (5 s)
ep 19  ES rmse 0.3058  @1s 0.093 @5s 0.305 @10s 0.443  tau 0.462 kg [8.14 8.03 7.32]  (5 s)
ep 20  ES rmse 0.3058  @1s 0.093 @5s 0.305 @10s 0.443  tau 0.463 kg [8.14 8.02 7.33]  (5 s)
ep 21  ES rmse 0.3055  @1s 0.093 @5s 0.304 @10s 0.443  tau 0.463 kg [8.14 8.01 7.33]  (6 s)
ep 22  ES rmse 0.3059  @1s 0.093 @5s 0.305 @10s 0.444  tau 0.463 kg [8.13 8.   7.33]  (7 s)
ep 23  ES rmse 0.3052  @1s 0.093 @5s 0.304 @10s 0.443  tau 0.462 kg [8.13 8.   7.32]  (6 s)
ep 24  ES rmse 0.3054  @1s 0.093 @5s 0.304 @10s 0.443  tau 0.462 kg [8.14 7.99 7.32]  (6 s)
ep 25  ES rmse 0.3050  @1s 0.093 @5s 0.304 @10s 0.442  tau 0.462 kg [8.13 7.99 7.32]  (5 s)
ep 26  ES rmse 0.3051  @1s 0.093 @5s 0.304 @10s 0.443  tau 0.462 kg [8.12 7.99 7.32]  (6 s)
ep 27  ES rmse 0.3052  @1s 0.093 @5s 0.304 @10s 0.443  tau 0.462 kg [8.13 7.98 7.32]  (6 s)
ep 28  ES rmse 0.3056  @1s 0.093 @5s 0.304 @10s 0.443  tau 0.463 kg [8.13 7.98 7.32]  (5 s)
ep 29  ES rmse 0.3049  @1s 0.093 @5s 0.304 @10s 0.442  tau 0.462 kg [8.13 7.98 7.31]  (5 s)
ep 30  ES rmse 0.3047  @1s 0.093 @5s 0.304 @10s 0.442  tau 0.461 kg [8.12 7.98 7.31]  (7 s)
ep 31  ES rmse 0.3057  @1s 0.093 @5s 0.304 @10s 0.443  tau 0.463 kg [8.13 7.98 7.3 ]  (9 s)
ep 32  ES rmse 0.3050  @1s 0.093 @5s 0.304 @10s 0.442  tau 0.463 kg [8.13 7.98 7.3 ]  (9 s)
ep 33  ES rmse 0.3057  @1s 0.093 @5s 0.305 @10s 0.443  tau 0.465 kg [8.12 7.98 7.3 ]  (9 s)
ep 34  ES rmse 0.3052  @1s 0.093 @5s 0.304 @10s 0.443  tau 0.462 kg [8.12 7.98 7.3 ]  (9 s)
saved; best ES rmse 0.3047289550304413
