[scan] base V=0.03503 A=1.8579
[scan] 25 points x 6 bags, replays run 149, wall 2870 s, mean replay 39.0 s
           param     x    mult       J       V       A
            base  0.00 1.00000 1.00000 0.03503 1.85792
     sigma_accel -0.03 0.97045 0.99970 0.03500 1.85846
     sigma_accel  0.03 1.03045 1.00078 0.03505 1.85969
     sigma_accel -0.10 0.90484 0.99711 0.03488 1.85505
     sigma_accel  0.10 1.10517 1.00090 0.03508 1.85862
     sigma_accel -0.35 0.70469 1.00504 0.03523 1.86595
     sigma_accel  0.35 1.41907 0.99952 0.03508 1.85349
     sigma_wheel -0.03 0.97045 1.00338 0.03519 1.86196
     sigma_wheel  0.03 1.03045 0.99367 0.03474 1.84982
     sigma_wheel -0.10 0.90484 1.00396 0.03527 1.85989
     sigma_wheel  0.10 1.10517 0.99365 0.03467 1.85316
     sigma_wheel -0.35 0.70469 2.04464 0.03547 5.71639
     sigma_wheel  0.35 1.41907 0.98553 0.03423 1.84642
   q_disturbance -0.03 0.97045 1.00017 0.03502 1.85902
   q_disturbance  0.03 1.03045 1.00016 0.03504 1.85809
   q_disturbance -0.10 0.90484 0.99966 0.03500 1.85839
   q_disturbance  0.10 1.10517 1.00081 0.03505 1.85970
   q_disturbance -0.35 0.70469 0.99613 0.03486 1.85246
   q_disturbance  0.35 1.41907 1.00120 0.03508 1.85956
landmark_assoc_q -0.03 0.97045 1.00054 0.03503 1.85994
landmark_assoc_q  0.03 1.03045 0.99946 0.03503 1.85592
landmark_assoc_q -0.10 0.90484 2.04235 0.03503 5.73111
landmark_assoc_q  0.10 1.10517 0.99758 0.03503 1.84898
landmark_assoc_q -0.35 0.70469 2.06552 0.03503 5.81690
landmark_assoc_q  0.35 1.41907 0.99304 0.03503 1.83218
[scan] finite-difference dJ/dx (x = ln multiplier):
           param  g_h0.03  g_h0.1  g_h0.35  fwd_h0.03  fwd_h0.1  fwd_h0.35  bwd_h0.03  bwd_h0.1  bwd_h0.35
     sigma_accel   0.0181  0.0190  -0.0079     0.0261    0.0090    -0.0014     0.0101    0.0289    -0.0144
     sigma_wheel  -0.1620 -0.0516  -1.5130    -0.2111   -0.0635    -0.0413    -0.1128   -0.0396    -2.9847
   q_disturbance  -0.0001  0.0058   0.0072     0.0053    0.0081     0.0034    -0.0056    0.0034     0.0111
landmark_assoc_q  -0.0181 -5.2238  -1.5321    -0.0180   -0.0242    -0.0199    -0.0181  -10.4235    -3.0443
[scan] replays run in this call: 149, replay wall sum 5816 s
[lbfgsb] base V=0.03503 A=1.8579
[lbfgsb] {"call": 0, "x": [0.0, 0.0, 0.0, 0.0], "mult": [1.0, 1.0, 1.0, 1.0], "J": 1.0, "V": 0.03502785818675991, "A": 1.8579243351635728, "grad_x": [0.009, -0.0635, 0.0081, -0.0242], "replays": 0, "wall_s": 0}
[lbfgsb] {"call": 1, "x": [-0.0008, 0.0057, -0.0007, 0.0022], "mult": [0.9992, 1.0057, 0.9993, 1.0022], "J": 0.9987929808683763, "V": 0.034971264634430274, "A": 1.8564410322554252, "grad_x": [0.0144, -0.0518, 0.0106, -0.0812], "replays": 30, "wall_s": 287}
[lbfgsb] {"call": 2, "x": [-0.0021, 0.0104, -0.0017, 0.0095], "mult": [0.9979, 1.0104, 0.9983, 1.0095], "J": 0.9915094461802682, "V": 0.03493131443966617, "A": 1.8314955312043335, "grad_x": [0.0188, -0.0442, 0.0135, -0.0129], "replays": 60, "wall_s": 640}
[lbfgsb] {"call": 3, "x": [-0.0059, 0.0196, -0.0044, 0.0137], "mult": [0.9941, 1.0198, 0.9956, 1.0138], "J": 0.9888226386306476, "V": 0.03481370544722269, "A": 1.8277498988260696, "grad_x": [0.0299, -0.0208, 0.017, -0.0129], "replays": 90, "wall_s": 1014}
[lbfgsb] {"call": 4, "x": [-0.0379, 0.0552, -0.0237, 0.0367], "mult": [0.9628, 1.0568, 0.9766, 1.0374], "J": 0.9948000247704629, "V": 0.03505288782971176, "A": 1.8372744084624688, "grad_x": [-0.0947, -0.113, -0.0008, -0.0129], "replays": 120, "wall_s": 1139}
[lbfgsb] {"call": 5, "x": [-0.0075, 0.0215, -0.0054, 0.0149], "mult": [0.9925, 1.0217, 0.9946, 1.015], "J": 0.9886954368535765, "V": 0.034793906587522995, "A": 1.8283273942075529, "grad_x": [0.0272, -0.0206, 0.0125, -0.0166], "replays": 150, "wall_s": 1255}
[lbfgsb] {"call": 6, "x": [-0.009, 0.0231, -0.0063, 0.016], "mult": [0.991, 1.0234, 0.9937, 1.0161], "J": 0.9883141511420204, "V": 0.03477882590997017, "A": 1.827710493462486, "grad_x": [0.0272, -0.0178, 0.0109, -0.0129], "replays": 180, "wall_s": 1401}
[lbfgsb] {"call": 7, "x": [-0.0434, 0.0547, -0.0077, 0.0382], "mult": [0.9576, 1.0562, 0.9923, 1.0389], "J": 0.9948149988395387, "V": 0.03505428472906942, "A": 1.8372559564313493, "grad_x": [-0.0961, -0.1141, -0.0008, -0.0129], "replays": 210, "wall_s": 1603}
[lbfgsb] {"call": 8, "x": [-0.0104, 0.0244, -0.0063, 0.0169], "mult": [0.9897, 1.0247, 0.9937, 1.017], "J": 0.9880628572193932, "V": 0.03476887815088619, "A": 1.827304365689132, "grad_x": [0.0266, -0.0162, 0.0095, -0.0129], "replays": 240, "wall_s": 1803}
[lbfgsb] {"call": 9, "x": [-0.0105, 0.0245, -0.0063, 0.0169], "mult": [0.9896, 1.0248, 0.9937, 1.0171], "J": 0.9880489802463246, "V": 0.03476832371871436, "A": 1.8272822087793672, "grad_x": [0.0265, -0.0161, 0.0095, -0.0129], "replays": 270, "wall_s": 2074}
[lbfgsb] {"call": 10, "x": [-0.0269, 0.0396, -0.007, 0.0275], "mult": [0.9734, 1.0404, 0.993, 1.0279], "J": 0.9859207883241295, "V": 0.03467477232200695, "A": 1.8243362605601092, "grad_x": [0.015, -0.0078, -0.0057, -0.0129], "replays": 300, "wall_s": 2518}
[lbfgsb] status 1 "STOP: TOTAL NO. OF F,G EVALUATIONS EXCEEDS LIMIT", nfev 11, nit 5; best J 0.98592 at x=[-0.0269, 0.0396, -0.007, 0.0275] (mult [0.9734, 1.0404, 0.993, 1.0279]); replays 300, wall 2518 s
[lbfgsb] replays run in this call: 300, replay wall sum 4829 s
[val] x=[-0.0269, 0.0396, -0.007, 0.0275] mult=[0.9735, 1.0404, 0.993, 1.0279] bags=17 wall 300 s
  v_rmse     mean 0.0517 -> 0.0518 (+0.04 %, 95 % CI -0.03..+0.16 %)  median 0.0328 -> 0.0328; better 7 / worse 10 of 17
  along_rmse mean 0.9722 -> 0.9723 (+0.02 %, 95 % CI -0.03..+0.08 %)  median 0.4873 -> 0.4873; better 6 / worse 9 of 15
  p3_rmse    mean 2.0899 -> 2.0901 (+0.01 %, 95 % CI -0.01..+0.04 %)  median 0.9083 -> 0.9106; better 6 / worse 9 of 15
[val] replays run in this call: 17, replay wall sum 510 s
[val] x=[0.0, 0.35, 0.0, 0.0] mult=[1.0, 1.4191, 1.0, 1.0] bags=17 wall 49 s
  v_rmse     mean 0.0517 -> 0.0509 (-1.68 %, 95 % CI -6.69..+0.69 %)  median 0.0328 -> 0.0286; better 3 / worse 14 of 17
  along_rmse mean 0.9722 -> 0.9456 (-2.73 %, 95 % CI -10.39..+0.10 %)  median 0.4873 -> 0.4868; better 9 / worse 6 of 15
  p3_rmse    mean 2.0899 -> 2.0640 (-1.24 %, 95 % CI -5.45..+0.04 %)  median 0.9083 -> 0.8515; better 9 / worse 6 of 15
[val] replays run in this call: 17, replay wall sum 89 s
