runs 86; g_med over runs: median 1.051, IQR 1.016..1.133, range 0.924..1.277
within-run spread (p90 - p10) median 0.057; g_trac vs g_med corr 0.989
IQR read as payload at -3.5 %/t: 3.3 t; full range: 10.1 t
               size  median    min    max
vehicle date                             
30618   07-27    26   1.041  0.971  1.198
        08-10    26   1.033  0.984  1.204
        08-26    12   1.043  0.984  1.127
        09-03     4   1.010  0.924  1.030
30639   05-05    10   1.188  1.144  1.277
        08-26     8   1.156  1.075  1.212
vehicle 30618 vs 30639: median 1.039 vs 1.181, Mann-Whitney p 4.21e-09
[30618] hour: rho -0.49 (p 1.8e-05, n 68); dwell_mean: rho -0.36 (p 0.0081, n 52); k_end: rho +0.19 (p 0.11, n 68); d_med: rho -0.13 (p 0.31, n 68); peak 1.084 (n 22) vs off-peak 1.029 (n 46), MW p 5.6e-05
[30639] hour: rho -0.16 (p 0.53, n 18); dwell_mean: rho +0.05 (p 0.84, n 17); k_end: rho +0.54 (p 0.021, n 18); d_med: rho +0.40 (p 0.1, n 18); peak 1.191 (n 5) vs off-peak 1.160 (n 13), MW p 0.29
[all] hour: rho -0.38 (p 0.00027, n 86); dwell_mean: rho -0.59 (p 1e-07, n 69); k_end: rho +0.18 (p 0.091, n 86); d_med: rho -0.10 (p 0.34, n 86); peak 1.091 (n 27) vs off-peak 1.038 (n 59), MW p 0.0016
[30618] OLS g ~ hour + dwell (n 52): per hour -0.0054 (t -4.1), per 10 s dwell -0.0318 (t -2.9)
[30639] OLS g ~ hour + dwell (n 17): per hour -0.0014 (t -0.4), per 10 s dwell +0.0115 (t +0.4)
direction WB 1.040 (n 35) vs EB 1.060 (n 34), MW p 0.062
median |g - day median| 0.028; spread of day medians 0.074
figure -> analysis\products\fig\b_load_gain.png
