runs 86, 458 km
--- unmodelled deceleration: 10 episodes in 10 runs
           bag      t0  dur_s  v0_kmh    s_map  a_min_est  notch_min  notch_max  a_min_gnss dir  route_m
30618_0a83c933  693.65   0.29   13.39      NaN      -0.88       -1.0        0.0         NaN          NaN
30618_2dbce472 1170.05   0.17    3.84  4598.01      -1.13       -1.0        0.0       -1.72  WB  4598.01
30618_3b36e5cd  534.45   0.18    2.61  2398.79       0.74      -12.0      -11.0        0.32  WB  2398.79
30618_3ba2326f  905.65   0.09    2.56      NaN      -1.04        0.0        0.0         NaN          NaN
30618_616ec56b 1021.95   0.77   27.01 10262.54      -4.84        0.0        2.0       -4.27  EB   879.60
30618_88548b02 1232.20   0.69    9.70 11013.97      -2.46        0.0        1.0       -2.16  EB   145.00
30618_e3d94878  774.06   0.50    1.07  9363.48       0.42        0.0        0.0        0.01  EB  1778.65
30618_e9a34502  487.30   0.38    2.90  7511.17       0.84      -14.0      -12.0        0.35  EB  3632.97
30639_0be558e2   98.45   0.49    9.79     8.57      -1.01        0.0        2.0       -0.82  WB     8.57
30639_e4379d7f 1415.00   0.07    3.27      NaN      -1.25        1.0        1.0         NaN          NaN
--- hard braking (a < -1.5 m/s^2 >= 0.3 s): 100 events, 21.8 per 100 km, in 60/86 runs; median v0 18 km/h, median a_min -1.74, min -4.84 m/s^2
notch at hard braking (min over event): {-15.0: 34, -14.0: 18, -13.0: 16, -12.0: 12, -11.0: 5, -10.0: 3, -8.0: 3, -1.0: 1, 0.0: 8}
hard braking per run by vehicle/date:
               size  sum  mean  max
vehicle date                       
30618   07-27    26   31  1.19    3
        08-10    26   38  1.46    6
        08-26    12    9  0.75    3
        09-03     4    2  0.50    1
30639   05-05    10    7  0.70    2
        08-26     8   13  1.62    4
GNSS check on 69 GNSS runs: estimator events 80, GNSS events 74; recall (GNSS events also found by the estimator) 0.95; share of estimator events where GNSS shows a < -1.2 within +-1.5 s: 1.00
  a_min estimator - GNSS: median -0.03, MAE 0.06 m/s^2 (n 80)
  missed GNSS events (a_min_gnss, a_min_est_near): [['30618_28538acf', 704.9, -5.8, -1.12], ['30618_2dbce472', 160.9, -3.2, 0.15], ['30618_2dbce472', 163.7, -4.07, 0.15], ['30639_9f0b519f', 607.2, -1.61, -1.58]]
--- overspeed candidates (pass max > LOO p95 + 2.0 km/h): estimator 37 pass-bins, GNSS 51; estimator flags confirmed by GNSS (same or adjacent bin): 0.43; GNSS flags found by estimator: 0.31
fixed limit 40 km/h: passes over the limit by estimator 2044, by GNSS 2029, both 2008; disagreements 57 of 6907 passes; max speed of disagreeing passes within 8.85 km/h of the limit
fixed limit 50 km/h: passes over the limit by estimator 475, by GNSS 472, both 462; disagreements 23 of 6907 passes; max speed of disagreeing passes within 0.71 km/h of the limit
overspeed events: 24 in 14 runs of 69; excess median 2.7, max 13.0 km/h
events per run:  {'mean': 1.71, '50%': 1.0, 'max': 10.0}
           bag  bin0  bins dir  route_m  v_max_kmh  excess_kmh vehicle  date      local_start
30618_4d487b0d    14     5  WB    725.0       43.0        13.0   30618 08-10 2026-08-10 18:03
30618_27e994fc    91     2  WB   4575.0       42.9        11.8   30618 09-03 2026-09-03 19:17
30618_21dd3af3   112     2  EB   5511.1       24.4        11.5   30618 08-10 2026-08-10 17:45
30618_e9a34502   151     2  EB   3566.1       37.4         8.0   30618 08-26 2026-08-26 10:46
30618_27e994fc    99     2  WB   4975.0       41.6         6.9   30618 09-03 2026-09-03 19:17
30618_27e994fc    72     1  WB   3625.0       21.9         5.8   30618 09-03 2026-09-03 19:17
30618_27e994fc    82     1  WB   4125.0       39.3         5.6   30618 09-03 2026-09-03 19:17
30618_87afe526    50     1  WB   2525.0       38.1         5.0   30618 07-27 2026-07-27 12:52
runs with most overspeed events: {'30618_27e994fc': 10, '30639_c31df386': 2, '30618_21dd3af3': 1, '30618_49fe4c54': 1, '30618_4d487b0d': 1}
figure -> analysis\products\fig\d_safety_events.png
