30639_d601d28f rate 8.91 Hz dt50 0.102 q 0.004837/0.004835 steady 16 sdFR 0.052 km/h
30639_c31df386 rate 9.07 Hz dt50 0.102 q 0.004808/0.004811 steady 19 sdFR 0.061 km/h
30639_dce52be4 rate 9.21 Hz dt50 0.102 q 0.004805/0.004807 steady 25 sdFR 0.069 km/h
30639_92226df0 rate 9.47 Hz dt50 0.100 q 0.004807/0.004808 steady 30 sdFR 0.062 km/h
30639_253671cc rate 8.97 Hz dt50 0.103 q 0.004793/0.004793 steady 31 sdFR 0.067 km/h
30639_44226bde rate 9.10 Hz dt50 0.102 q 0.004791/0.004791 steady 36 sdFR 0.060 km/h
30639_d3c43d69 rate 8.93 Hz dt50 0.102 q 0.004787/0.004788 steady 31 sdFR 0.069 km/h
30618_b83d854d rate 9.51 Hz dt50 0.100 q 0.004794/0.004808 steady 26 sdFR 0.066 km/h
30618_b8044aa0 rate 9.15 Hz dt50 0.102 q 0.004795/0.004808 steady 29 sdFR 0.064 km/h
30618_76e1f9c7 rate 9.18 Hz dt50 0.102 q 0.004795/0.004808 steady 25 sdFR 0.066 km/h
30618_2dbce472 rate 9.19 Hz dt50 0.102 q 0.004794/0.004808 steady 22 sdFR 0.066 km/h
30618_b15eafc3 rate 9.29 Hz dt50 0.102 q 0.004795/0.004808 steady 32 sdFR 0.059 km/h
30618_68d1748a rate 9.03 Hz dt50 0.102 q 0.004794/0.004808 steady 27 sdFR 0.064 km/h
30618_095a115b rate 9.62 Hz dt50 0.100 q 0.004793/0.004807 steady 27 sdFR 0.060 km/h
30618_7b4d83f4 rate 9.72 Hz dt50 0.100 q 0.004793/0.004807 steady 31 sdFR 0.058 km/h
30618_87afe526 rate 9.34 Hz dt50 0.100 q 0.004793/0.004807 steady 26 sdFR 0.060 km/h
30618_0e41eac3 rate 9.35 Hz dt50 0.102 q 0.004793/0.004807 steady 26 sdFR 0.056 km/h
30618_68847170 rate 9.45 Hz dt50 0.100 q 0.004793/0.004807 steady 32 sdFR 0.044 km/h
30618_49fe4c54 rate 9.50 Hz dt50 0.100 q 0.004793/0.004807 steady 30 sdFR 0.055 km/h
30618_ab5921a4 rate 9.21 Hz dt50 0.102 q 0.004792/0.004807 steady 22 sdFR 0.065 km/h
30618_073f08d1 rate 9.27 Hz dt50 0.102 q 0.004791/0.004807 steady 28 sdFR 0.054 km/h
30618_0652866c rate 9.61 Hz dt50 0.100 q 0.004791/0.004806 steady 28 sdFR 0.062 km/h
30618_9c09b081 rate 9.51 Hz dt50 0.100 q 0.004791/0.004806 steady 29 sdFR 0.063 km/h
30618_e2dcf65f rate 9.34 Hz dt50 0.102 q 0.004791/0.004805 steady 26 sdFR 0.053 km/h
30618_28538acf rate 9.26 Hz dt50 0.100 q 0.004790/0.004805 steady 25 sdFR 0.063 km/h
30618_8158f0b0 rate 9.24 Hz dt50 0.100 q 0.004790/0.004805 steady 27 sdFR 0.062 km/h
30618_21dd3af3 rate 9.13 Hz dt50 0.102 q 0.004787/0.004803 steady 30 sdFR 0.057 km/h
30618_4d487b0d rate 8.90 Hz dt50 0.102 q 0.004787/0.004802 steady 24 sdFR 0.057 km/h
30618_3b36e5cd rate 9.26 Hz dt50 0.102 q 0.004787/0.004802 steady 19 sdFR 0.066 km/h
30618_748832b9 rate 9.74 Hz dt50 0.100 q 0.004787/0.004803 steady 30 sdFR 0.057 km/h
30618_1cc230fa rate 9.09 Hz dt50 0.102 q 0.004787/0.004802 steady 17 sdFR 0.069 km/h
30618_40ffd323 rate 9.33 Hz dt50 0.102 q 0.004787/0.004802 steady 13 sdFR 0.047 km/h
30618_2cb9ce37 rate 9.86 Hz dt50 0.100 q 0.004787/0.004803 steady 27 sdFR 0.056 km/h
30618_af7496f0 rate 9.52 Hz dt50 0.100 q 0.004788/0.004802 steady 0 sdFR nan km/h
30618_437e855c rate 9.06 Hz dt50 0.102 q 0.004787/0.004801 steady 22 sdFR 0.058 km/h
30639_584b6e32 rate 9.63 Hz dt50 0.100 q 0.004742/0.004744 steady 15 sdFR 0.058 km/h
30618_d4ba7005 rate 9.44 Hz dt50 0.100 q 0.004787/0.004801 steady 33 sdFR 0.058 km/h
30618_dd8e6395 rate 9.16 Hz dt50 0.102 q 0.004787/0.004801 steady 22 sdFR 0.055 km/h
30639_4285f2bc rate 9.15 Hz dt50 0.102 q 0.004741/0.004744 steady 15 sdFR 0.055 km/h
30618_e9a34502 rate 9.19 Hz dt50 0.102 q 0.004787/0.004802 steady 30 sdFR 0.060 km/h
30639_9f0b519f rate 9.47 Hz dt50 0.102 q 0.004740/0.004744 steady 22 sdFR 0.054 km/h
30618_33bec73f rate 9.82 Hz dt50 0.100 q 0.004787/0.004802 steady 30 sdFR 0.059 km/h
30639_50956d6e rate 9.88 Hz dt50 0.100 q 0.004738/0.004742 steady 18 sdFR 0.059 km/h
30639_927002c2 rate 8.97 Hz dt50 0.102 q 0.004738/0.004742 steady 18 sdFR 0.053 km/h
30618_2050d396 rate 9.33 Hz dt50 0.102 q 0.004787/0.004801 steady 26 sdFR 0.054 km/h
30639_0be558e2 rate 9.64 Hz dt50 0.102 q 0.004737/0.004742 steady 21 sdFR 0.055 km/h
30618_67b89902 rate 9.68 Hz dt50 0.100 q 0.004787/0.004803 steady 36 sdFR 0.052 km/h
30618_3e9f4952 rate 9.38 Hz dt50 0.102 q 0.004787/0.004802 steady 21 sdFR 0.060 km/h
30618_a869780d rate 9.11 Hz dt50 0.102 q 0.004787/0.004803 steady 25 sdFR 0.052 km/h
30618_0686195f rate 8.96 Hz dt50 0.102 q 0.004951/0.004951 steady 22 sdFR 0.060 km/h
30618_88548b02 rate 9.23 Hz dt50 0.102 q 0.004991/0.004990 steady 31 sdFR 0.069 km/h
30618_27e994fc rate 9.44 Hz dt50 0.100 q 0.004993/0.004992 steady 27 sdFR 0.073 km/h
bags 52; total 17.25 h, moving 11.17 h, at 5-15 m/s 6.54 h
SAMPLING (joint front/rear header stamps), median over bags [min..max]:
  rate_hz            9.2808 [8.8966..9.8751]
  dt_p1              0.0600 [0.0521..0.0720]
  dt_p5              0.0761 [0.0720..0.0840]
  dt_p25             0.0940 [0.0920..0.0960]
  dt_p50             0.1020 [0.1000..0.1035]
  dt_p75             0.1100 [0.1060..0.1159]
  dt_p95             0.1919 [0.1220..0.1980]
  dt_p99             0.2099 [0.1840..0.2180]
  dt_mov_p1          0.0600 [0.0520..0.0740]
  dt_mov_p50         0.1020 [0.1000..0.1039]
  dt_mov_p99         0.2119 [0.1744..0.2215]
  gap_gt_0.15        0.0783 [0.0133..0.1243]
  gap_gt_0.3         0.0002 [0.0000..0.0011]
  gap_gt_1           0.0000 [0.0000..0.0004]
  frac_front_joint   0.9999 [0.9697..1.0000]
RESOLUTION:
  q_front_kmh        0.004791 [0.004737..0.004993]
  q_rear_kmh         0.004804 [0.004742..0.004992]
  repeat_front       0.011665 [0.008483..0.020833]
  repeat_rear        0.011313 [0.008120..0.018849]
STEADY WINDOWS (5 s, 5-15 m/s, |slope|<0.1 m/s2, sd about trend<0.1 m/s): n=1300 (straight 459); per-window values, median (p10, p90), km/h:
  std(F-R) about window mean     0.05854 (p10 0.03611, p90 0.09289)
    same, % of speed             0.173 (p10 0.1114, p90 0.2927)
  std(F) about linear trend      0.2462 (p10 0.06073, p90 0.3495)
  std(R) about linear trend      0.2476 (p10 0.06604, p90 0.3516)
  std(GNSS*scale) about trend    0.2528 (p10 0.06661, p90 0.3522)
  white noise F (2nd diff)       0.03515 (p10 0.02306, p90 0.06205)
  white noise R (2nd diff)       0.03844 (p10 0.02353, p90 0.06261)
  white noise GNSS (2nd diff)    0.03817 (p10 0.02551, p90 0.05561)
  white noise F-R (2nd diff)     0.04873 (p10 0.03094, p90 0.09194)
  corr HP(F),HP(R) lag 0         0.1385 (p10 -0.1482, p90 0.4653)
  corr HP(F),HP(GNSS) lag 0      0.05223 (p10 -0.1924, p90 0.3307)
  corr HP(R),HP(GNSS) lag 0      0.0004032 (p10 -0.2818, p90 0.2767)
  std(F-R) straight only          0.04757 (p10 0.03282, p90 0.06919)  (n=459)
