30639_d601d28f 63
30639_c31df386 69
30639_dce52be4 147
30639_92226df0 129
30639_253671cc 141
30639_44226bde 156
30639_d3c43d69 147
30618_b83d854d 114
30618_b8044aa0 117
30618_76e1f9c7 120
30618_2dbce472 105
30618_b15eafc3 150
30618_68d1748a 129
30618_095a115b 132
30618_7b4d83f4 138
30618_87afe526 108
30618_0e41eac3 123
30618_68847170 129
30618_49fe4c54 126
30618_ab5921a4 114
30618_073f08d1 111
30618_0652866c 114
30618_9c09b081 129
30618_e2dcf65f 105
30618_28538acf 120
30618_8158f0b0 114
30618_21dd3af3 132
30618_4d487b0d 99
30618_3b36e5cd 96
30618_748832b9 144
30618_1cc230fa 93
30618_40ffd323 69
30618_2cb9ce37 141
30618_af7496f0 0
30618_437e855c 90
30639_584b6e32 66
30618_d4ba7005 162
30618_dd8e6395 93
30639_4285f2bc 75
30618_e9a34502 141
30639_9f0b519f 96
30618_33bec73f 153
30639_50956d6e 57
30639_927002c2 87
30618_2050d396 120
30639_0be558e2 87
30618_67b89902 180
30618_3e9f4952 87
30618_a869780d 105
30618_0686195f 99
30618_88548b02 156
30618_27e994fc 108
train bags 51; windows per length: 5 s: 1439, 10 s: 382, 15 s: 141
Per-window lag estimates vs expected 7.55/v_gnss.  rel.err = lag_hat/lag_exp - 1
  interior = share of windows with an interior CCF max in 0.3..2.0 s; hit5 = share with |rel.err| < 5 % (chance level in brackets); robust sd = 1.4826*MAD of rel.err; prior = search restricted to +-20 % of 7.55/v_wheel
  W= 5s hp05  n= 1439 interior  0.20 | free: median +0.036 robust sd 0.547 hit5 0.218 (0.049) corr(lag_hat,lag_exp) +0.02 | prior: interior 1.00 median -0.2020 robust sd 0.1080 k err median -0.2028 robust sd 0.1088 | mean CCF at lag0 +0.776, at expected lag -0.0372 (+-0.0078)
  W= 5s hp10  n= 1439 interior  0.09 | free: median -0.062 robust sd 0.285 hit5 0.240 (0.049) corr(lag_hat,lag_exp) +0.03 | prior: interior 1.00 median -0.2405 robust sd 0.2633 k err median -0.2405 robust sd 0.2611 | mean CCF at lag0 +0.893, at expected lag +0.1561 (+-0.0097)
  W= 5s d2    n= 1439 interior  0.90 | free: median +0.036 robust sd 0.489 hit5 0.276 (0.049) corr(lag_hat,lag_exp) +0.13 | prior: interior 1.00 median -0.0088 robust sd 0.0679 k err median -0.0088 robust sd 0.0678 | mean CCF at lag0 +0.084, at expected lag +0.1569 (+-0.0042)
  W=10s hp05  n=  382 interior  0.11 | free: median +0.003 robust sd 0.155 hit5 0.395 (0.050) corr(lag_hat,lag_exp) -0.02 | prior: interior 1.00 median -0.2031 robust sd 0.0705 k err median -0.2038 robust sd 0.0695 | mean CCF at lag0 +0.767, at expected lag -0.0059 (+-0.0127)
  W=10s hp10  n=  382 interior  0.06 | free: median -0.093 robust sd 0.199 hit5 0.174 (0.050) corr(lag_hat,lag_exp) +0.14 | prior: interior 1.00 median -0.2405 robust sd 0.1503 k err median -0.2409 robust sd 0.1500 | mean CCF at lag0 +0.901, at expected lag +0.1726 (+-0.0148)
  W=10s d2    n=  382 interior  0.92 | free: median -0.000 robust sd 0.122 hit5 0.374 (0.050) corr(lag_hat,lag_exp) +0.29 | prior: interior 1.00 median -0.0113 robust sd 0.0599 k err median -0.0117 robust sd 0.0602 | mean CCF at lag0 +0.062, at expected lag +0.1413 (+-0.0060)
  W=15s hp05  n=  141 interior  0.05 | free: median -0.064 robust sd 0.080 hit5 0.286 (0.051) corr(lag_hat,lag_exp) +0.62 | prior: interior 1.00 median -0.2052 robust sd 0.0690 k err median -0.2046 robust sd 0.0670 | mean CCF at lag0 +0.783, at expected lag -0.0044 (+-0.0201)
  W=15s hp10  n=  141 interior  0.01 | free: median -0.032 robust sd 0.052 hit5 0.500 (0.051) corr(lag_hat,lag_exp) -1.00 | prior: interior 1.00 median -0.2394 robust sd 0.1231 k err median -0.2397 robust sd 0.1230 | mean CCF at lag0 +0.920, at expected lag +0.1743 (+-0.0229)
  W=15s d2    n=  141 interior  0.91 | free: median -0.002 robust sd 0.082 hit5 0.473 (0.051) corr(lag_hat,lag_exp) +0.32 | prior: interior 1.00 median -0.0044 robust sd 0.0526 k err median -0.0049 robust sd 0.0526 | mean CCF at lag0 +0.052, at expected lag +0.1336 (+-0.0077)
Stacked CCF vs normalised lag u = tau / (7.55/v_gnss): mean at u=1 and local contrast (u=1 minus mean of u in [0.6,0.8]U[1.2,1.4]), with standard error
  W= 5s hp05  CCF(u=1) -0.0372+-0.0078  contrast +0.0272+-0.0046 (t=5.9)  CCF(u=0) +0.776
  W= 5s hp10  CCF(u=1) +0.1561+-0.0097  contrast -0.0011+-0.0028 (t=-0.4)  CCF(u=0) +0.893
  W= 5s d2    CCF(u=1) +0.1569+-0.0042  contrast +0.2127+-0.0055 (t=39.0)  CCF(u=0) +0.084
  W=10s hp05  CCF(u=1) -0.0059+-0.0126  contrast +0.0232+-0.0067 (t=3.5)  CCF(u=0) +0.767
  W=10s hp10  CCF(u=1) +0.1726+-0.0148  contrast -0.0056+-0.0040 (t=-1.4)  CCF(u=0) +0.901
  W=10s d2    CCF(u=1) +0.1413+-0.0060  contrast +0.1942+-0.0081 (t=24.0)  CCF(u=0) +0.062
  W=15s hp05  CCF(u=1) -0.0044+-0.0200  contrast +0.0187+-0.0103 (t=1.8)  CCF(u=0) +0.783
  W=15s hp10  CCF(u=1) +0.1743+-0.0228  contrast -0.0101+-0.0056 (t=-1.8)  CCF(u=0) +0.920
  W=15s d2    CCF(u=1) +0.1336+-0.0077  contrast +0.1846+-0.0115 (t=16.0)  CCF(u=0) +0.052
