30639_d601d28f train k_true +0.0156 lam_w 7.617 L_bag 7.500 T 582s edge False
30639_c31df386 train k_true +0.0099 lam_w 7.498 L_bag 7.424 T 619s edge False
30639_dce52be4 train k_true +0.0086 lam_w 7.649 L_bag 7.583 T 575s edge False
30639_92226df0 train k_true +0.0091 lam_w 7.559 L_bag 7.491 T 650s edge False
30639_253671cc train k_true +0.0062 lam_w 7.533 L_bag 7.487 T 576s edge False
30639_44226bde train k_true +0.0059 lam_w 7.472 L_bag 7.428 T 612s edge False
30639_d3c43d69 train k_true +0.0049 lam_w 7.660 L_bag 7.623 T 575s edge False
30618_b83d854d train k_true -0.0004 lam_w 7.611 L_bag 7.614 T 618s edge False
30618_b8044aa0 train k_true +0.0001 lam_w 7.480 L_bag 7.479 T 570s edge True
30618_76e1f9c7 train k_true -0.0009 lam_w 7.706 L_bag 7.713 T 600s edge False
30618_2dbce472 train k_true -0.0011 lam_w 7.574 L_bag 7.582 T 592s edge False
30618_b15eafc3 train k_true +0.0001 lam_w 7.541 L_bag 7.540 T 573s edge False
30618_68d1748a train k_true -0.0012 lam_w 7.574 L_bag 7.584 T 555s edge False
30618_095a115b train k_true -0.0007 lam_w 7.494 L_bag 7.500 T 617s edge False
30618_7b4d83f4 train k_true -0.0000 lam_w 7.486 L_bag 7.486 T 614s edge False
30618_87afe526 train k_true -0.0006 lam_w 7.496 L_bag 7.501 T 606s edge False
30618_0e41eac3 train k_true -0.0011 lam_w 7.614 L_bag 7.623 T 607s edge False
30618_68847170 train k_true -0.0005 lam_w 7.474 L_bag 7.477 T 582s edge False
30618_49fe4c54 train k_true -0.0008 lam_w 7.540 L_bag 7.546 T 632s edge False
30618_ab5921a4 train k_true -0.0010 lam_w 7.783 L_bag 7.790 T 623s edge False
30618_073f08d1 train k_true -0.0004 lam_w 7.588 L_bag 7.591 T 575s edge False
30618_0652866c train k_true -0.0014 lam_w 7.558 L_bag 7.569 T 669s edge False
30618_9c09b081 train k_true -0.0013 lam_w 7.605 L_bag 7.615 T 637s edge False
30618_e2dcf65f train k_true -0.0007 lam_w 7.516 L_bag 7.521 T 580s edge False
30618_28538acf train k_true -0.0016 lam_w 7.497 L_bag 7.508 T 601s edge False
30618_8158f0b0 train k_true -0.0016 lam_w 7.583 L_bag 7.596 T 599s edge False
30618_21dd3af3 train k_true -0.0014 lam_w 7.471 L_bag 7.481 T 547s edge False
30618_4d487b0d train k_true -0.0017 lam_w 7.448 L_bag 7.461 T 582s edge False
30618_3b36e5cd train k_true -0.0015 lam_w 7.467 L_bag 7.478 T 579s edge False
30618_748832b9 train k_true -0.0014 lam_w 7.455 L_bag 7.465 T 592s edge False
30618_1cc230fa train k_true -0.0014 lam_w 7.417 L_bag 7.427 T 549s edge False
30618_40ffd323 train k_true -0.0020 lam_w 7.538 L_bag 7.552 T 621s edge False
30618_2cb9ce37 train k_true -0.0015 lam_w 7.652 L_bag 7.664 T 436s edge False
30618_af7496f0 no k_true
30618_437e855c train k_true -0.0019 lam_w 7.410 L_bag 7.424 T 570s edge False
30639_584b6e32 train k_true -0.0039 lam_w 7.482 L_bag 7.511 T 650s edge False
30618_d4ba7005 train k_true -0.0010 lam_w 7.521 L_bag 7.528 T 570s edge False
30618_dd8e6395 train k_true -0.0017 lam_w 7.506 L_bag 7.519 T 593s edge False
30639_4285f2bc train k_true -0.0039 lam_w 7.567 L_bag 7.596 T 612s edge False
30618_e9a34502 train k_true -0.0008 lam_w 7.574 L_bag 7.581 T 554s edge False
30639_9f0b519f train k_true -0.0032 lam_w 7.614 L_bag 7.639 T 601s edge False
30618_33bec73f train k_true -0.0010 lam_w 7.452 L_bag 7.460 T 587s edge False
30639_50956d6e train k_true -0.0044 lam_w 7.602 L_bag 7.636 T 647s edge False
30639_927002c2 train k_true -0.0044 lam_w 7.484 L_bag 7.517 T 543s edge False
30618_2050d396 train k_true -0.0011 lam_w 7.445 L_bag 7.453 T 593s edge False
30639_0be558e2 train k_true -0.0043 lam_w 7.362 L_bag 7.394 T 638s edge False
30618_67b89902 train k_true -0.0010 lam_w 7.477 L_bag 7.484 T 590s edge False
30618_3e9f4952 train k_true -0.0012 lam_w 7.518 L_bag 7.527 T 584s edge False
30618_a869780d train k_true -0.0013 lam_w 7.386 L_bag 7.395 T 557s edge False
30618_0686195f train k_true -0.0146 lam_w 7.465 L_bag 7.576 T 532s edge False
30618_88548b02 train k_true -0.0060 lam_w 7.345 L_bag 7.390 T 565s edge False
30618_27e994fc train k_true -0.0062 lam_w 7.488 L_bag 7.535 T 594s edge False
30639_3b3d9eb8 val k_true +0.0113 lam_w 7.525 L_bag 7.441 T 528s edge False
30639_9c362687 val k_true +0.0071 lam_w 7.537 L_bag 7.484 T 606s edge False
30618_e3d94878 val k_true +0.0001 lam_w 7.378 L_bag 7.377 T 577s edge False
30618_2f104a1d val k_true -0.0000 lam_w 7.539 L_bag 7.539 T 552s edge False
30618_b95ca60a val k_true +0.0001 lam_w 7.535 L_bag 7.534 T 546s edge False
30618_0f120b35 val k_true -0.0000 lam_w 7.461 L_bag 7.461 T 555s edge False
30618_f19a4ac3 val k_true -0.0002 lam_w 7.481 L_bag 7.482 T 622s edge False
30618_22c1c589 val k_true -0.0006 lam_w 7.525 L_bag 7.530 T 581s edge False
30618_616ec56b val k_true -0.0011 lam_w 7.513 L_bag 7.521 T 557s edge False
30618_6cb3280a val k_true -0.0014 lam_w 7.521 L_bag 7.532 T 598s edge False
30618_2366c74a val k_true -0.0013 lam_w 7.434 L_bag 7.444 T 484s edge False
30639_d927f360 val k_true -0.0028 lam_w 7.514 L_bag 7.535 T 547s edge False
30639_2b4a6347 val k_true -0.0033 lam_w 7.669 L_bag 7.694 T 627s edge False
30618_01f73500 val k_true -0.0015 lam_w 7.601 L_bag 7.613 T 621s edge False
30618_dd8d0741 val k_true -0.0014 lam_w 7.521 L_bag 7.531 T 573s edge False
30618_a53d5f6f val k_true -0.0014 lam_w 7.601 L_bag 7.612 T 587s edge False
30618_defd0170 val k_true -0.0154 lam_w 7.365 L_bag 7.481 T 530s edge True
L_eff (median over 51 train bags of lam_w / (1 + k_true)) = 7.5194 m; spread of L_bag: robust sd 0.0863 m, p10..p90 7.427..7.623
train: bags 51, valid driving per bag median 592 s; per-bag k_hat - k_true: median +0.0000, robust sd 0.0115, rms 0.0110, max |.| 0.0360; |err|<0.1%: 0.08, <0.3%: 0.24; corr(k_hat, k_true) +0.29; true k spread sd 0.0045; peak on prior edge: 1
    subset straight: n_front median 2550, per-bag k err median +0.0000 robust sd 0.0297 (L_eff 7.527 m)
    subset v3_6    : n_front median 1857, per-bag k err median +0.0000 robust sd 0.0098 (L_eff 7.531 m)
    subset v6_9    : n_front median 1984, per-bag k err median +0.0000 robust sd 0.0325 (L_eff 7.509 m)
    subset v9_12   : n_front median 1269, per-bag k err median -0.0000 robust sd 0.0321 (L_eff 7.612 m)
    subset v12_20  : n_front median 552, per-bag k err median +0.0000 robust sd 0.0276 (L_eff 7.446 m)
val: bags 17, valid driving per bag median 573 s; per-bag k_hat - k_true: median +0.0014, robust sd 0.0094, rms 0.0096, max |.| 0.0232; |err|<0.1%: 0.06, <0.3%: 0.41; corr(k_hat, k_true) +0.30; true k spread sd 0.0052; peak on prior edge: 1
    subset straight: n_front median 2462, per-bag k err median +0.0051 robust sd 0.0278 (L_eff 7.527 m)
    subset v3_6    : n_front median 1767, per-bag k err median -0.0025 robust sd 0.0155 (L_eff 7.531 m)
    subset v6_9    : n_front median 1829, per-bag k err median +0.0096 robust sd 0.0255 (L_eff 7.509 m)
    subset v9_12   : n_front median 1352, per-bag k err median -0.0089 robust sd 0.0142 (L_eff 7.612 m)
    subset v12_20  : n_front median 617, per-bag k err median +0.0123 robust sd 0.0430 (L_eff 7.446 m)
Accumulation: k error of chunks with T seconds of valid driving (both splits, L_eff from train)
  T=   30s train n= 983 median +0.0008 robust sd 0.0331 sd 0.0257 |err|<0.1%: 0.02 <0.3%: 0.08 <1%: 0.24
  T=   30s val   n= 315 median +0.0086 robust sd 0.0328 sd 0.0265 |err|<0.1%: 0.02 <0.3%: 0.06 <1%: 0.22
  T=   60s train n= 477 median -0.0013 robust sd 0.0280 sd 0.0231 |err|<0.1%: 0.05 <0.3%: 0.10 <1%: 0.29
  T=   60s val   n= 154 median +0.0017 robust sd 0.0292 sd 0.0252 |err|<0.1%: 0.03 <0.3%: 0.07 <1%: 0.27
  T=  120s train n= 223 median -0.0001 robust sd 0.0215 sd 0.0208 |err|<0.1%: 0.05 <0.3%: 0.13 <1%: 0.39
  T=  120s val   n=  72 median +0.0039 robust sd 0.0201 sd 0.0231 |err|<0.1%: 0.04 <0.3%: 0.10 <1%: 0.36
  T=  300s train n=  71 median +0.0022 robust sd 0.0142 sd 0.0160 |err|<0.1%: 0.06 <0.3%: 0.23 <1%: 0.51
  T=  300s val   n=  21 median -0.0011 robust sd 0.0145 sd 0.0158 |err|<0.1%: 0.00 <0.3%: 0.14 <1%: 0.52
  T=  600s train n=  20 median -0.0010 robust sd 0.0123 sd 0.0136 |err|<0.1%: 0.05 <0.3%: 0.30 <1%: 0.55
Fit on train chunks: robust sd(T) ~ 0.2327 / sqrt(T/s)  ->  sd = 0.1 % needs T = 54167 s = 15.0 h of valid driving (sd 0.05 %: 60.2 h); 95 % within +-0.1 % needs 57.8 h
