30639_d601d28f train 30639 2026-05-05 q 0.0048370/0.0048351 k +0.01569/+0.01547
30639_c31df386 train 30639 2026-05-05 q 0.0048084/0.0048106 k +0.00969/+0.01012
30639_dce52be4 train 30639 2026-05-05 q 0.0048046/0.0048065 k +0.00855/+0.00864
30639_92226df0 train 30639 2026-05-05 q 0.0048065/0.0048084 k +0.00887/+0.00944
30639_253671cc train 30639 2026-05-05 q 0.0047932/0.0047932 k +0.00615/+0.00618
30639_44226bde train 30639 2026-05-05 q 0.0047913/0.0047913 k +0.00591/+0.00597
30639_d3c43d69 train 30639 2026-05-05 q 0.0047874/0.0047884 k +0.00487/+0.00477
30618_b83d854d train 30618 2026-07-27 q 0.0047941/0.0048084 k -0.00059/-0.00045
30618_b8044aa0 train 30618 2026-07-27 q 0.0047951/0.0048084 k +0.00017/+0.00012
30618_76e1f9c7 train 30618 2026-07-27 q 0.0047951/0.0048084 k -0.00075/-0.00079
30618_2dbce472 train 30618 2026-07-27 q 0.0047941/0.0048084 k -0.00114/-0.00129
30618_b15eafc3 train 30618 2026-07-27 q 0.0047951/0.0048084 k +0.00009/+0.00008
30618_68d1748a train 30618 2026-07-27 q 0.0047941/0.0048084 k -0.00118/-0.00124
30618_095a115b train 30618 2026-07-27 q 0.0047932/0.0048075 k -0.00067/-0.00076
30618_7b4d83f4 train 30618 2026-07-27 q 0.0047932/0.0048075 k -0.00003/-0.00007
30618_87afe526 train 30618 2026-07-27 q 0.0047932/0.0048075 k -0.00067/-0.00062
30618_0e41eac3 train 30618 2026-07-27 q 0.0047932/0.0048075 k -0.00105/-0.00101
30618_68847170 train 30618 2026-07-27 q 0.0047932/0.0048075 k -0.00056/-0.00045
30618_49fe4c54 train 30618 2026-07-27 q 0.0047932/0.0048075 k -0.00082/-0.00087
30618_ab5921a4 train 30618 2026-07-27 q 0.0047917/0.0048065 k -0.00116/-0.00097
30618_073f08d1 train 30618 2026-07-27 q 0.0047913/0.0048065 k -0.00052/-0.00042
30618_0652866c train 30618 2026-07-27 q 0.0047913/0.0048056 k -0.00137/-0.00137
30618_9c09b081 train 30618 2026-07-27 q 0.0047913/0.0048056 k -0.00145/-0.00120
30618_e2dcf65f train 30618 2026-07-27 q 0.0047913/0.0048046 k -0.00076/-0.00077
30618_28538acf train 30618 2026-07-27 q 0.0047903/0.0048046 k -0.00179/-0.00159
30618_8158f0b0 train 30618 2026-07-27 q 0.0047903/0.0048046 k -0.00169/-0.00149
30618_21dd3af3 train 30618 2026-08-10 q 0.0047874/0.0048027 k -0.00132/-0.00140
30618_4d487b0d train 30618 2026-08-10 q 0.0047874/0.0048018 k -0.00167/-0.00176
30618_3b36e5cd train 30618 2026-08-10 q 0.0047874/0.0048018 k -0.00145/-0.00146
30618_748832b9 train 30618 2026-08-10 q 0.0047874/0.0048027 k -0.00146/-0.00150
30618_1cc230fa train 30618 2026-08-10 q 0.0047874/0.0048018 k -0.00140/-0.00148
30618_40ffd323 train 30618 2026-08-10 q 0.0047874/0.0048018 k -0.00199/-0.00219
30618_2cb9ce37 train 30618 2026-08-10 q 0.0047874/0.0048027 k -0.00147/-0.00155
30618_af7496f0 train 30618 2026-08-10 q 0.0047884/0.0048018 k +nan/+nan
30618_437e855c train 30618 2026-08-26 q 0.0047874/0.0048008 k -0.00192/-0.00187
30639_584b6e32 train 30639 2026-08-26 q 0.0047417/0.0047436 k -0.00405/-0.00381
30618_d4ba7005 train 30618 2026-08-26 q 0.0047874/0.0048008 k -0.00094/-0.00102
30618_dd8e6395 train 30618 2026-08-26 q 0.0047874/0.0048008 k -0.00171/-0.00172
30639_4285f2bc train 30639 2026-08-26 q 0.0047407/0.0047436 k -0.00392/-0.00377
30618_e9a34502 train 30618 2026-08-26 q 0.0047874/0.0048018 k -0.00087/-0.00084
30639_9f0b519f train 30639 2026-08-26 q 0.0047398/0.0047436 k -0.00334/-0.00312
30618_33bec73f train 30618 2026-08-26 q 0.0047874/0.0048018 k -0.00099/-0.00092
30639_50956d6e train 30639 2026-08-26 q 0.0047379/0.0047417 k -0.00449/-0.00436
30639_927002c2 train 30639 2026-08-26 q 0.0047379/0.0047417 k -0.00454/-0.00427
30618_2050d396 train 30618 2026-08-26 q 0.0047874/0.0048014 k -0.00106/-0.00108
30639_0be558e2 train 30639 2026-08-26 q 0.0047369/0.0047417 k -0.00455/-0.00417
30618_67b89902 train 30618 2026-08-26 q 0.0047874/0.0048027 k -0.00100/-0.00098
30618_3e9f4952 train 30618 2026-08-26 q 0.0047874/0.0048018 k -0.00126/-0.00120
30618_a869780d train 30618 2026-08-26 q 0.0047874/0.0048027 k -0.00119/-0.00119
30618_0686195f train 30618 2026-09-03 q 0.0049515/0.0049515 k -0.01429/-0.01481
30618_88548b02 train 30618 2026-09-03 q 0.0049906/0.0049896 k -0.00571/-0.00620
30618_27e994fc train 30618 2026-09-03 q 0.0049934/0.0049915 k -0.00602/-0.00644
30639_3b3d9eb8 val 30639 2026-05-05 q 0.0048180/0.0048184 k +0.01114/+0.01140
30639_9c362687 val 30639 2026-05-05 q 0.0047956/0.0047970 k +0.00713/+0.00705
30618_e3d94878 val 30618 2026-07-27 q 0.0047941/0.0048084 k +0.00022/+0.00010
30618_2f104a1d val 30618 2026-07-27 q 0.0047941/0.0048075 k -0.00002/-0.00005
30618_b95ca60a val 30618 2026-07-27 q 0.0047941/0.0048084 k +0.00012/+0.00009
30618_0f120b35 val 30618 2026-07-27 q 0.0047932/0.0048075 k -0.00011/+0.00008
30618_f19a4ac3 val 30618 2026-07-27 q 0.0047932/0.0048065 k -0.00016/-0.00013
30618_22c1c589 val 30618 2026-07-27 q 0.0047913/0.0048056 k -0.00064/-0.00051
30618_616ec56b val 30618 2026-07-27 q 0.0047903/0.0048046 k -0.00098/-0.00096
30618_6cb3280a val 30618 2026-08-10 q 0.0047874/0.0048018 k -0.00139/-0.00155
30618_2366c74a val 30618 2026-08-10 q 0.0047874/0.0048027 k -0.00128/-0.00130
30639_d927f360 val 30639 2026-08-26 q 0.0047417/0.0047445 k -0.00298/-0.00250
30639_2b4a6347 val 30639 2026-08-26 q 0.0047417/0.0047436 k -0.00350/-0.00312
30618_01f73500 val 30618 2026-08-26 q 0.0047874/0.0048018 k -0.00147/-0.00157
30618_dd8d0741 val 30618 2026-08-26 q 0.0047874/0.0048018 k -0.00141/-0.00149
30618_a53d5f6f val 30618 2026-08-26 q 0.0047874/0.0048027 k -0.00129/-0.00135
30618_defd0170 val 30618 2026-09-03 q 0.0049438/0.0049438 k -0.01538/-0.01556
<python-user-site>\Python312\site-packages\numpy\lib\_function_base_impl.py:3023: RuntimeWarning: invalid value encountered in divide
  c /= stddev[:, None]
<python-user-site>\Python312\site-packages\numpy\lib\_function_base_impl.py:3024: RuntimeWarning: invalid value encountered in divide
  c /= stddev[None, :]
<python-user-site>\Python312\site-packages\numpy\lib\_function_base_impl.py:3023: RuntimeWarning: invalid value encountered in divide
  c /= stddev[:, None]
<python-user-site>\Python312\site-packages\numpy\lib\_function_base_impl.py:3024: RuntimeWarning: invalid value encountered in divide
  c /= stddev[None, :]
Per (vehicle, date, bogie) group: spread of k vs spread of c = q/(1+k); slope of k on (q/median q - 1)
  30618 2026-07-27 front n=26 (train 19): k range -0.179..+0.022 % (sd 0.058 %), q range 0.0047903..0.0047951, c sd 0.045 %, corr(q,k) +0.65, slope dk/(dq/q) +1.19
  30618 2026-07-27 rear  n=26 (train 19): k range -0.159..+0.012 % (sd 0.055 %), q range 0.0048046..0.0048084, c sd 0.046 %, corr(q,k) +0.53, slope dk/(dq/q) +1.00
  30618 2026-08-10 front n= 9 (train 7): k range -0.199..-0.128 % (sd 0.021 %), q range 0.0047874..0.0047874, c sd 0.022 %, corr(q,k) +nan, slope dk/(dq/q) +nan
  30618 2026-08-10 rear  n= 9 (train 7): k range -0.219..-0.130 % (sd 0.026 %), q range 0.0048018..0.0048027, c sd 0.023 %, corr(q,k) +0.51, slope dk/(dq/q) +1.27
  30618 2026-08-26 front n=12 (train 9): k range -0.192..-0.087 % (sd 0.032 %), q range 0.0047874..0.0047874, c sd 0.032 %, corr(q,k) +nan, slope dk/(dq/q) +nan
  30618 2026-08-26 rear  n=12 (train 9): k range -0.187..-0.084 % (sd 0.033 %), q range 0.0048008..0.0048027, c sd 0.031 %, corr(q,k) +0.38, slope dk/(dq/q) +0.85
  30618 2026-09-03 front n= 4 (train 3): k range -1.538..-0.571 % (sd 0.520 %), q range 0.0049438..0.0049934, c sd 0.041 %, corr(q,k) +1.00, slope dk/(dq/q) +1.00
  30618 2026-09-03 rear  n= 4 (train 3): k range -1.556..-0.620 % (sd 0.513 %), q range 0.0049438..0.0049915, c sd 0.045 %, corr(q,k) +1.00, slope dk/(dq/q) +1.02
  30639 2026-05-05 front n= 9 (train 7): k range +0.487..+1.569 % (sd 0.330 %), q range 0.0047874..0.0048370, c sd 0.023 %, corr(q,k) +1.00, slope dk/(dq/q) +1.02
  30639 2026-05-05 rear  n= 9 (train 7): k range +0.477..+1.547 % (sd 0.331 %), q range 0.0047884..0.0048351, c sd 0.028 %, corr(q,k) +1.00, slope dk/(dq/q) +1.06
  30639 2026-08-26 front n= 8 (train 6): k range -0.455..-0.298 % (sd 0.060 %), q range 0.0047369..0.0047417, c sd 0.039 %, corr(q,k) +0.77, slope dk/(dq/q) +1.11
  30639 2026-08-26 rear  n= 8 (train 6): k range -0.436..-0.250 % (sd 0.066 %), q range 0.0047417..0.0047445, c sd 0.047 %, corr(q,k) +0.89, slope dk/(dq/q) +2.47
VAL prediction (34 bag-bogies in groups that also have train bags): k = q / c_group(train) - 1: error median -0.043 %, rms 0.055 %, max |.| 0.109 %  |  baseline k = mean k of the group's train bags: rms 0.186 %, max |.| 0.671 %
  largest val errors (%): 30639_d927f360/rear -0.109 (k -0.25), 30618_0f120b35/rear -0.086 (k +0.01), 30618_f19a4ac3/rear -0.084 (k -0.01), 30618_e3d94878/front -0.083 (k +0.02), 30618_b95ca60a/front -0.074 (k +0.01), 30618_2f104a1d/rear -0.072 (k -0.01)
c = q/(1+k) per vehicle, date, bogie (median; sd in % of c) -- c ~ true wheel diameter if q ~ configured one
  30618 front 2026-07-27: 4.79610e-3 (sd 0.045 %, n=26) | 2026-08-10: 4.79440e-3 (sd 0.022 %, n=10) | 2026-08-26: 4.79332e-3 (sd 0.032 %, n=12) | 2026-09-03: 5.02218e-3 (sd 0.041 %, n=4)
  30618 rear  2026-07-27: 4.81004e-3 (sd 0.046 %, n=26) | 2026-08-10: 4.80942e-3 (sd 0.023 %, n=10) | 2026-08-26: 4.80797e-3 (sd 0.031 %, n=12) | 2026-09-03: 5.02292e-3 (sd 0.045 %, n=4)
  30639 front 2026-05-05: 4.76386e-3 (sd 0.023 %, n=9) | 2026-08-26: 4.75889e-3 (sd 0.039 %, n=8)
  30639 rear  2026-05-05: 4.76347e-3 (sd 0.028 %, n=9) | 2026-08-26: 4.76152e-3 (sd 0.047 %, n=8)
  cross-date 30618 c(2026-07-27) -> 2026-08-10 front: k error median -0.056 %, rms 0.056 % (n=10)
  cross-date 30618 c(2026-07-27) -> 2026-08-10 rear : k error median -0.037 %, rms 0.037 % (n=10)
  cross-date 30618 c(2026-08-10) -> 2026-08-26 front: k error median -0.024 %, rms 0.037 % (n=12)
  cross-date 30618 c(2026-08-10) -> 2026-08-26 rear : k error median -0.040 %, rms 0.052 % (n=12)
  cross-date 30618 c(2026-08-26) -> 2026-09-03 front: k error median +4.724 %, rms 4.735 % (n=4)
  cross-date 30618 c(2026-08-26) -> 2026-09-03 rear : k error median +4.442 %, rms 4.439 % (n=4)
  cross-date 30639 c(2026-05-05) -> 2026-08-26 front: k error median -0.104 %, rms 0.119 % (n=8)
  cross-date 30639 c(2026-05-05) -> 2026-08-26 rear : k error median -0.041 %, rms 0.079 % (n=8)
within-bag change of q (front), 2nd half vs 1st half: median +0.000 %, max |.| 0.325 % (30639_d601d28f)
within-bag change of q (rear), 2nd half vs 1st half: median +0.000 %, max |.| 0.276 % (30639_d601d28f)
