train matrix 52 runs x 1106 cells, observed 47.8%, cells with >= 3 runs 99.4%; entry std 0.1349, lam0 = 1/sqrt(max(m,n)) = 0.0301
median field vs learn_dfield.build_field: max |diff| 0.00e+00
  PCP lam0 rho=1.1: iters 125, obj 45.3396, rank 4, S nonzero 97.3%, feas 9.5e-08
  PCP lam0 rho=1.02: iters 406, obj 45.3378, rank 3, S nonzero 96.8%, feas 9.8e-08
  L singular values (top 8): [3.68, 2.371, 0.446, 0.031, 0.0, 0.0, 0.0, 0.0] | sum 6.527; rank-1 energy share 69.9%
  S on observed: nonzero 97.3%, |S| p50/p95/max of nonzero [0.024, 0.127, 2.016]; |M| p50/p95 [0.037, 0.145]
  comp 0: sigma 3.680, row loading mean/sd 0.112/0.082 (1/sqrt(m) = 0.139), by vehicle {np.str_('30618'): 0.118, np.str_('30639'): 0.092}, corr(profile, median field) +0.54, corr(profile, cell coverage) -0.08
  comp 1: sigma 2.371, row loading mean/sd 0.078/0.115 (1/sqrt(m) = 0.139), by vehicle {np.str_('30618'): 0.078, np.str_('30639'): 0.077}, corr(profile, median field) +0.42, corr(profile, cell coverage) +0.03
  comp 2: sigma 0.446, row loading mean/sd 0.001/0.139 (1/sqrt(m) = 0.139), by vehicle {np.str_('30618'): -0.039, np.str_('30639'): 0.123}, corr(profile, median field) -0.03, corr(profile, cell coverage) -0.06

5-fold CV on train runs (held-out runs; residual after subtracting the field, m/s^2):
                              rms  blk_rms      mae  rank   s_frac  d_rms_mean  d_rms_std  d_blk_mean  d_blk_std
method         lam_mult                                                                                         
mean           inf        0.15435  0.11690  0.07098   NaN      NaN    -0.00074    0.00211    -0.00117    0.00253
median         NaN        0.15509  0.11807  0.06554   NaN      NaN     0.00000    0.00000     0.00000    0.00000
pcp_mean_all   0.250000   0.15771  0.11927  0.07422   0.0  1.00000     0.00263    0.00214     0.00119    0.00208
               0.500000   0.15757  0.11917  0.07389   1.0  0.99844     0.00249    0.00217     0.00109    0.00211
               1.000000   0.15602  0.11810  0.07022   3.0  0.96952     0.00094    0.00163     0.00003    0.00159
               1.446806   0.15558  0.11783  0.06916  23.2  0.86087     0.00049    0.00143    -0.00024    0.00139
               2.000000   0.15526  0.11764  0.06846  40.8  0.33974     0.00018    0.00129    -0.00043    0.00123
               4.000000   0.15494  0.11734  0.06838  40.8  0.03657    -0.00015    0.00122    -0.00073    0.00113
               8.000000   0.15446  0.11671  0.06967  41.6  0.00615    -0.00063    0.00169    -0.00136    0.00163
               16.000000  0.15426  0.11648  0.07011  41.6  0.00041    -0.00083    0.00191    -0.00160    0.00192
               32.000000  0.15424  0.11647  0.07014  41.6  0.00000    -0.00085    0.00192    -0.00161    0.00193
pcp_mean_obs   0.250000   0.15771  0.11927  0.07422   0.0  1.00000     0.00263    0.00214     0.00119    0.00208
               0.500000   0.15748  0.11910  0.07367   1.0  0.99844     0.00239    0.00219     0.00103    0.00212
               1.000000   0.15513  0.11758  0.06762   3.0  0.96952     0.00005    0.00124    -0.00049    0.00119
               1.446806   0.15474  0.11744  0.06634  23.2  0.86087    -0.00035    0.00090    -0.00063    0.00081
               2.000000   0.15461  0.11750  0.06571  40.8  0.33974    -0.00048    0.00064    -0.00057    0.00048
               4.000000   0.15426  0.11714  0.06604  40.8  0.03657    -0.00083    0.00051    -0.00093    0.00036
               8.000000   0.15418  0.11678  0.06958  41.6  0.00615    -0.00091    0.00161    -0.00129    0.00185
               16.000000  0.15434  0.11687  0.07089  41.6  0.00041    -0.00075    0.00210    -0.00120    0.00253
               32.000000  0.15435  0.11690  0.07098  41.6  0.00000    -0.00074    0.00211    -0.00117    0.00253
pcp_median_obs 0.250000   0.15771  0.11927  0.07422   0.0  1.00000     0.00263    0.00214     0.00119    0.00208
               0.500000   0.15747  0.11909  0.07365   1.0  0.99844     0.00239    0.00219     0.00102    0.00213
               1.000000   0.15510  0.11756  0.06752   3.0  0.96952     0.00001    0.00121    -0.00051    0.00116
               1.446806   0.15471  0.11745  0.06621  23.2  0.86087    -0.00038    0.00088    -0.00063    0.00081
               2.000000   0.15481  0.11780  0.06549  40.8  0.33974    -0.00027    0.00048    -0.00028    0.00037
               4.000000   0.15498  0.11803  0.06546  40.8  0.03657    -0.00010    0.00015    -0.00004    0.00010
               8.000000   0.15509  0.11807  0.06554  41.6  0.00615     0.00000    0.00000     0.00000    0.00000
               16.000000  0.15509  0.11807  0.06554  41.6  0.00041     0.00000    0.00000     0.00000    0.00000
               32.000000  0.15509  0.11807  0.06554  41.6  0.00000     0.00000    0.00000     0.00000    0.00000
zero           NaN        0.15771  0.11927  0.07422   NaN      NaN     0.00263    0.00214     0.00119    0.00208
CV-best PCP setting (train, by blk_rms): lam x32, field = mean_all

fields vs median_final2: RMS diff / max |diff| (m/s^2); |d| p50/p95
  zero           0.0474 / 0.5402;  0.0000 / 0.0000
  median_repo    0.0142 / 0.3313;  0.0231 / 0.0793
  median_final2  0.0000 / 0.0000;  0.0221 / 0.0780
  mean_cells     0.0359 / 0.2807;  0.0239 / 0.0934
  pcp_lam1       0.0402 / 0.5362;  0.0066 / 0.0235
  pcp_lamp       0.0381 / 0.5326;  0.0086 / 0.0291
  pcp_lam1_obs   0.0354 / 0.5343;  0.0137 / 0.0416
  pcp_lam1_med   0.0351 / 0.5341;  0.0142 / 0.0427
  pcp_lam4       0.0357 / 0.5125;  0.0106 / 0.0343
  pcp_lam05      0.0461 / 0.5397;  0.0001 / 0.0064
  pcp_cvbest     0.0391 / 0.4991;  0.0118 / 0.0447

VAL out-of-sample (17 runs): residual after subtracting the field, m/s^2
                   rms      mae  blk_rms
field                                   
zero           0.17985  0.07871  0.15150
median_repo    0.17671  0.06924  0.15043
median_final2  0.17665  0.06917  0.15036
mean_cells     0.17852  0.07581  0.15192
pcp_lam1       0.17828  0.07490  0.15055
pcp_lamp       0.17782  0.07379  0.15033
pcp_lam1_obs   0.17722  0.07175  0.15000
pcp_lam1_med   0.17715  0.07156  0.14998
pcp_lam4       0.17733  0.07288  0.15010
pcp_lam05      0.17967  0.07828  0.15137
pcp_cvbest     0.17780  0.07501  0.15052
  per-bag rms diff zero           vs median_final2: mean +0.00713  sd 0.00733  better/worse 3/14
  per-bag rms diff median_repo    vs median_final2: mean +0.00002  sd 0.00025  better/worse 9/8
  per-bag rms diff median_final2  vs median_final2: mean +0.00000  sd 0.00000  better/worse 0/0
  per-bag rms diff mean_cells     vs median_final2: mean +0.00448  sd 0.00669  better/worse 5/12
  per-bag rms diff pcp_lam1       vs median_final2: mean +0.00415  sd 0.00539  better/worse 4/13
  per-bag rms diff pcp_lamp       vs median_final2: mean +0.00322  sd 0.00467  better/worse 4/13
  per-bag rms diff pcp_lam1_obs   vs median_final2: mean +0.00204  sd 0.00363  better/worse 4/13
  per-bag rms diff pcp_lam1_med   vs median_final2: mean +0.00190  sd 0.00348  better/worse 4/13
  per-bag rms diff pcp_lam4       vs median_final2: mean +0.00218  sd 0.00383  better/worse 5/12
  per-bag rms diff pcp_lam05      vs median_final2: mean +0.00672  sd 0.00709  better/worse 3/14
  per-bag rms diff pcp_cvbest     vs median_final2: mean +0.00352  sd 0.00557  better/worse 5/12
  per-bag blk diff zero           vs median_final2: mean +0.00764  sd 0.00963  better/worse 4/13
  per-bag blk diff median_repo    vs median_final2: mean +0.00002  sd 0.00040  better/worse 8/9
  per-bag blk diff median_final2  vs median_final2: mean +0.00000  sd 0.00000  better/worse 0/0
  per-bag blk diff mean_cells     vs median_final2: mean +0.00779  sd 0.01019  better/worse 4/13
  per-bag blk diff pcp_lam1       vs median_final2: mean +0.00445  sd 0.00726  better/worse 4/13
  per-bag blk diff pcp_lamp       vs median_final2: mean +0.00346  sd 0.00637  better/worse 4/13
  per-bag blk diff pcp_lam1_obs   vs median_final2: mean +0.00210  sd 0.00500  better/worse 5/12
  per-bag blk diff pcp_lam1_med   vs median_final2: mean +0.00196  sd 0.00484  better/worse 5/12
  per-bag blk diff pcp_lam4       vs median_final2: mean +0.00223  sd 0.00529  better/worse 6/11
  per-bag blk diff pcp_lam05      vs median_final2: mean +0.00717  sd 0.00931  better/worse 4/13
  per-bag blk diff pcp_cvbest     vs median_final2: mean +0.00474  sd 0.00801  better/worse 5/12
