           bag  n_lo  n_hi  G_low  G_high  ratio  k_true   k_est
30639_dce52be4     9     4 1.1347  1.1416 1.0061  0.0077  0.0061
30639_92226df0     5     4 0.9040  0.9328 1.0320  0.0088  0.0320
30639_44226bde     9     5 1.0679  1.1218 1.0504  0.0055  0.0504
30618_b83d854d     9     3 1.1096  1.1397 1.0271 -0.0011  0.0271
30618_76e1f9c7    10     6 1.0190  1.1075 1.0868 -0.0016  0.0868
30618_2dbce472     7     5 1.0128  1.0934 1.0796 -0.0019  0.0796
30618_b15eafc3     6     3 0.9822  1.1277 1.1481 -0.0004  0.1481
30618_68d1748a     8     5 1.0002  1.0652 1.0650 -0.0016  0.0650
30618_095a115b     7     7 0.9761  1.0099 1.0346 -0.0011  0.0346
30618_7b4d83f4     8     5 0.9601  1.0059 1.0477 -0.0005  0.0477
30618_87afe526     8     4 0.9799  1.0353 1.0565 -0.0011  0.0565
30618_0e41eac3    10     6 0.9743  1.0169 1.0437 -0.0015  0.0437
30618_49fe4c54    11     8 0.9895  1.0073 1.0179 -0.0016  0.0179
30618_ab5921a4     8     4 1.0200  1.0964 1.0750 -0.0019  0.0750
30618_073f08d1     9     3 0.9780  0.9965 1.0188 -0.0010  0.0188
30618_0652866c     9     6 0.9320  0.9839 1.0557 -0.0025  0.0557
30618_9c09b081     9     5 0.9715  1.0365 1.0669 -0.0022  0.0669
30618_e2dcf65f     4     5 0.9873  1.0236 1.0367 -0.0010  0.0367
30618_28538acf    12     6 1.0023  0.9955 0.9932 -0.0021 -0.0068
30618_8158f0b0     7     7 0.9265  1.0116 1.0918 -0.0022  0.0918
30618_4d487b0d     8     7 1.0244  1.0576 1.0324 -0.0022  0.0324
30618_3b36e5cd    14     9 0.9848  0.9962 1.0116 -0.0020  0.0116
30618_748832b9     8     3 0.9912  1.0866 1.0963 -0.0017  0.0963
30618_1cc230fa     9     6 1.0317  1.0175 0.9863 -0.0020 -0.0137
30618_40ffd323     8     7 1.0336  1.0617 1.0272 -0.0023  0.0272
30618_2cb9ce37     5     4 0.9290  1.0130 1.0904 -0.0017  0.0904
30618_437e855c     6     3 1.0513  1.1255 1.0706 -0.0027  0.0706
30639_584b6e32     8     4 1.1420  1.1621 1.0176 -0.0048  0.0176
30618_dd8e6395     9     5 1.0470  1.0934 1.0443 -0.0023  0.0443
30639_4285f2bc     8     3 1.1061  1.0073 0.9107 -0.0040 -0.0893
30618_e9a34502     5     3 0.9975  1.0750 1.0777 -0.0012  0.0777
30639_50956d6e     7     4 1.0828  1.1164 1.0310 -0.0047  0.0310
30639_927002c2     7     4 0.9568  1.0676 1.1157 -0.0045  0.1157
30639_0be558e2     3     5 1.1280  1.0942 0.9701 -0.0048 -0.0299
30618_67b89902     6     3 0.9753  1.0316 1.0578 -0.0011  0.0578
30618_3e9f4952     9     6 1.0310  1.0729 1.0406 -0.0018  0.0406
30618_a869780d     7     5 1.0189  1.0371 1.0179 -0.0014  0.0179
30618_0686195f     7     8 1.0160  1.0000 0.9843 -0.0155 -0.0157
30618_27e994fc     6     6 0.9600  0.9747 1.0153 -0.0074  0.0153
30639_3b3d9eb8     7     3 1.1511  1.1369 0.9877  0.0104 -0.0123
30618_2f104a1d     6     5 0.9807  1.0242 1.0443 -0.0005  0.0443
30618_b95ca60a     8     4 0.9687  1.0456 1.0794 -0.0004  0.0794
30618_0f120b35     9     4 0.9787  1.0528 1.0757 -0.0005  0.0757
30618_f19a4ac3     5     5 1.0165  1.0863 1.0688 -0.0006  0.0688
30618_22c1c589     7     3 0.9591  1.0209 1.0644 -0.0008  0.0644
30618_616ec56b     6     5 0.9920  0.9970 1.0050 -0.0012  0.0050
30618_6cb3280a     8     5 0.9952  1.0434 1.0485 -0.0017  0.0485
30618_2366c74a    11     3 0.9650  1.0317 1.0692 -0.0017  0.0692
30639_2b4a6347     6     5 1.0394  1.0587 1.0186 -0.0035  0.0186
30618_01f73500     9     7 1.0061  1.0089 1.0029 -0.0024  0.0029
30618_dd8d0741     7     7 0.9567  0.9895 1.0343 -0.0021  0.0343
30618_a53d5f6f     5     4 1.0009  0.9964 0.9954 -0.0019 -0.0046

52 runs: k_true std 0.0036 (range -0.0155..0.0104); k_est std 0.0404; corr 0.09; error median |.| 0.0449, rmse 0.0582
